Build target 'STM3210E-EVAL'
compiling stm32f10x_adc.c...
compiling stm32f10x_bkp.c...
compiling stm32f10x_can.c...
compiling stm32f10x_crc.c...
compiling stm32f10x_dac.c...
compiling stm32f10x_dbgmcu.c...
compiling stm32f10x_dma.c...
compiling stm32f10x_exti.c...
compiling stm32f10x_flash.c...
compiling stm32f10x_gpio.c...
compiling stm32f10x_i2c.c...
compiling stm32f10x_iwdg.c...
compiling stm32f10x_pwr.c...
compiling stm32f10x_rcc.c...
compiling stm32f10x_rtc.c...
compiling stm32f10x_sdio.c...
compiling stm32f10x_spi.c...
compiling stm32f10x_tim.c...
compiling stm32f10x_usart.c...
compiling stm32f10x_wwdg.c...
compiling misc.c...
linking...
Program Size: Code=8412 RO-data=600 RW-data=304 ZI-data=1056  
FromELF: creating hex file...
".\Obj\STM3210E-EVAL.axf" - 0 Error(s), 0 Warning(s).
Build target 'STM3210E-EVAL'
compiling hw_config.c...
..\source\hw_config.c(362): warning:  #223-D: function "abs" declared implicitly
compiling main.c...
compiling stm32f10x_it.c...
compiling usb_desc.c...
compiling usb_istr.c...
compiling usb_prop.c...
compiling usb_pwr.c...
compiling usb_core.c...
compiling usb_init.c...
compiling usb_int.c...
compiling usb_mem.c...
compiling usb_regs.c...
compiling stm32f10x_adc.c...
compiling stm32f10x_bkp.c...
compiling stm32f10x_can.c...
compiling stm32f10x_crc.c...
compiling stm32f10x_dac.c...
compiling stm32f10x_dbgmcu.c...
compiling stm32f10x_dma.c...
compiling stm32f10x_exti.c...
compiling stm32f10x_flash.c...
compiling stm32f10x_gpio.c...
compiling stm32f10x_i2c.c...
compiling stm32f10x_iwdg.c...
compiling stm32f10x_pwr.c...
compiling stm32f10x_rcc.c...
compiling stm32f10x_rtc.c...
compiling stm32f10x_sdio.c...
compiling stm32f10x_spi.c...
compiling stm32f10x_tim.c...
compiling stm32f10x_usart.c...
compiling stm32f10x_wwdg.c...
compiling system_stm32f10x.c...
compiling misc.c...
assembling stm32f10x_vector.s...
compiling 24l01.c...
compiling tty.c...
compiling Delay.c...
linking...
Program Size: Code=9658 RO-data=598 RW-data=304 ZI-data=2176  
FromELF: creating hex file...
".\Obj\StmPC.axf" - 0 Error(s), 1 Warning(s).
