ARM Linker, 4.1 [Build 894] [Standard]

==============================================================================

Section Cross References

    hw_config.o(i.Enter_LowPowerMode) refers to usb_pwr.o(.data) for bDeviceState
    hw_config.o(i.GPIO_AINConfig) refers to stm32f10x_rcc.o(i.RCC_APB2PeriphClockCmd) for RCC_APB2PeriphClockCmd
    hw_config.o(i.GPIO_AINConfig) refers to stm32f10x_gpio.o(i.GPIO_Init) for GPIO_Init
    hw_config.o(i.Get_SerialNum) refers to usb_desc.o(.data) for Joystick_StringSerial
    hw_config.o(i.Leave_LowPowerMode) refers to usb_init.o(.bss) for Device_Info
    hw_config.o(i.Leave_LowPowerMode) refers to usb_pwr.o(.data) for bDeviceState
    hw_config.o(i.ReveiveCmd) refers to hw_config.o(i.Send_MouseKeys) for Send_MouseKeys
    hw_config.o(i.ReveiveCmd) refers to hw_config.o(i.Send_BoardKeys) for Send_BoardKeys
    hw_config.o(i.Send_BoardKeys) refers to usb_regs.o(i.GetEPTxAddr) for GetEPTxAddr
    hw_config.o(i.Send_BoardKeys) refers to usb_mem.o(i.UserToPMABufferCopy) for UserToPMABufferCopy
    hw_config.o(i.Send_BoardKeys) refers to usb_regs.o(i.SetEPTxCount) for SetEPTxCount
    hw_config.o(i.Send_BoardKeys) refers to usb_regs.o(i.SetEPTxValid) for SetEPTxValid
    hw_config.o(i.Send_BoardKeys) refers to delay.o(i.DelayMs) for DelayMs
    hw_config.o(i.Send_MouseKeys) refers to usb_regs.o(i.GetEPTxAddr) for GetEPTxAddr
    hw_config.o(i.Send_MouseKeys) refers to usb_mem.o(i.UserToPMABufferCopy) for UserToPMABufferCopy
    hw_config.o(i.Send_MouseKeys) refers to usb_regs.o(i.SetEPTxCount) for SetEPTxCount
    hw_config.o(i.Send_MouseKeys) refers to usb_regs.o(i.SetEPTxValid) for SetEPTxValid
    hw_config.o(i.Send_MouseKeys) refers to delay.o(i.DelayMs) for DelayMs
    hw_config.o(i.Set_System) refers to stm32f10x_rcc.o(i.RCC_DeInit) for RCC_DeInit
    hw_config.o(i.Set_System) refers to stm32f10x_rcc.o(i.RCC_HSEConfig) for RCC_HSEConfig
    hw_config.o(i.Set_System) refers to stm32f10x_rcc.o(i.RCC_WaitForHSEStartUp) for RCC_WaitForHSEStartUp
    hw_config.o(i.Set_System) refers to stm32f10x_flash.o(i.FLASH_PrefetchBufferCmd) for FLASH_PrefetchBufferCmd
    hw_config.o(i.Set_System) refers to stm32f10x_flash.o(i.FLASH_SetLatency) for FLASH_SetLatency
    hw_config.o(i.Set_System) refers to stm32f10x_rcc.o(i.RCC_HCLKConfig) for RCC_HCLKConfig
    hw_config.o(i.Set_System) refers to stm32f10x_rcc.o(i.RCC_PCLK2Config) for RCC_PCLK2Config
    hw_config.o(i.Set_System) refers to stm32f10x_rcc.o(i.RCC_PCLK1Config) for RCC_PCLK1Config
    hw_config.o(i.Set_System) refers to stm32f10x_rcc.o(i.RCC_PLLConfig) for RCC_PLLConfig
    hw_config.o(i.Set_System) refers to stm32f10x_rcc.o(i.RCC_PLLCmd) for RCC_PLLCmd
    hw_config.o(i.Set_System) refers to stm32f10x_rcc.o(i.RCC_GetFlagStatus) for RCC_GetFlagStatus
    hw_config.o(i.Set_System) refers to stm32f10x_rcc.o(i.RCC_SYSCLKConfig) for RCC_SYSCLKConfig
    hw_config.o(i.Set_System) refers to stm32f10x_rcc.o(i.RCC_GetSYSCLKSource) for RCC_GetSYSCLKSource
    hw_config.o(i.Set_System) refers to stm32f10x_rcc.o(i.RCC_APB1PeriphClockCmd) for RCC_APB1PeriphClockCmd
    hw_config.o(i.Set_System) refers to stm32f10x_rcc.o(i.RCC_APB2PeriphClockCmd) for RCC_APB2PeriphClockCmd
    hw_config.o(i.Set_System) refers to stm32f10x_gpio.o(i.GPIO_Init) for GPIO_Init
    hw_config.o(i.Set_System) refers to stm32f10x_gpio.o(i.GPIO_PinRemapConfig) for GPIO_PinRemapConfig
    hw_config.o(i.Set_System) refers to hw_config.o(.data) for .data
    hw_config.o(i.Set_USBClock) refers to stm32f10x_rcc.o(i.RCC_USBCLKConfig) for RCC_USBCLKConfig
    hw_config.o(i.Set_USBClock) refers to stm32f10x_rcc.o(i.RCC_APB1PeriphClockCmd) for RCC_APB1PeriphClockCmd
    hw_config.o(i.USB_Cable_Config) refers to stm32f10x_gpio.o(i.GPIO_ResetBits) for GPIO_ResetBits
    hw_config.o(i.USB_Cable_Config) refers to stm32f10x_gpio.o(i.GPIO_SetBits) for GPIO_SetBits
    hw_config.o(i.USB_Interrupts_Config) refers to misc.o(i.NVIC_SetVectorTable) for NVIC_SetVectorTable
    hw_config.o(i.USB_Interrupts_Config) refers to misc.o(i.NVIC_PriorityGroupConfig) for NVIC_PriorityGroupConfig
    hw_config.o(i.USB_Interrupts_Config) refers to misc.o(i.NVIC_Init) for NVIC_Init
    main.o(i.main) refers to hw_config.o(i.Set_System) for Set_System
    main.o(i.main) refers to delay.o(i.Delay_init) for Delay_init
    main.o(i.main) refers to tty.o(i.tty_init) for tty_init
    main.o(i.main) refers to tty.o(i.tty_printf) for tty_printf
    main.o(i.main) refers to hw_config.o(i.USB_Interrupts_Config) for USB_Interrupts_Config
    main.o(i.main) refers to hw_config.o(i.Set_USBClock) for Set_USBClock
    main.o(i.main) refers to usb_init.o(i.USB_Init) for USB_Init
    main.o(i.main) refers to 24l01.o(i.NRF24L01_Init) for NRF24L01_Init
    main.o(i.main) refers to 24l01.o(i.NRF24L01_Check) for NRF24L01_Check
    main.o(i.main) refers to delay.o(i.DelayMs) for DelayMs
    main.o(i.main) refers to 24l01.o(i.NRF_RX_Mode) for NRF_RX_Mode
[...]
    Removing stm32f10x_tim.o(i.TIM_OC4PolarityConfig), (14 bytes).
    Removing stm32f10x_tim.o(i.TIM_OC4PreloadConfig), (14 bytes).
    Removing stm32f10x_tim.o(i.TIM_OCStructInit), (20 bytes).
    Removing stm32f10x_tim.o(i.TIM_PWMIConfig), (286 bytes).
    Removing stm32f10x_tim.o(i.TIM_PrescalerConfig), (6 bytes).
    Removing stm32f10x_tim.o(i.TIM_SelectCCDMA), (18 bytes).
    Removing stm32f10x_tim.o(i.TIM_SelectCOM), (18 bytes).
    Removing stm32f10x_tim.o(i.TIM_SelectHallSensor), (18 bytes).
    Removing stm32f10x_tim.o(i.TIM_SelectInputTrigger), (12 bytes).
    Removing stm32f10x_tim.o(i.TIM_SelectMasterSlaveMode), (16 bytes).
    Removing stm32f10x_tim.o(i.TIM_SelectOCxM), (74 bytes).
    Removing stm32f10x_tim.o(i.TIM_SelectOnePulseMode), (20 bytes).
    Removing stm32f10x_tim.o(i.TIM_SelectOutputTrigger), (16 bytes).
    Removing stm32f10x_tim.o(i.TIM_SelectSlaveMode), (16 bytes).
    Removing stm32f10x_tim.o(i.TIM_SetAutoreload), (4 bytes).
    Removing stm32f10x_tim.o(i.TIM_SetClockDivision), (14 bytes).
    Removing stm32f10x_tim.o(i.TIM_SetCompare1), (4 bytes).
    Removing stm32f10x_tim.o(i.TIM_SetCompare2), (4 bytes).
    Removing stm32f10x_tim.o(i.TIM_SetCompare3), (4 bytes).
    Removing stm32f10x_tim.o(i.TIM_SetCompare4), (6 bytes).
    Removing stm32f10x_tim.o(i.TIM_SetCounter), (4 bytes).
    Removing stm32f10x_tim.o(i.TIM_SetIC1Prescaler), (16 bytes).
    Removing stm32f10x_tim.o(i.TIM_SetIC2Prescaler), (18 bytes).
    Removing stm32f10x_tim.o(i.TIM_SetIC3Prescaler), (16 bytes).
    Removing stm32f10x_tim.o(i.TIM_SetIC4Prescaler), (18 bytes).
    Removing stm32f10x_tim.o(i.TIM_TIxExternalClockConfig), (120 bytes).
    Removing stm32f10x_tim.o(i.TIM_TimeBaseInit), (56 bytes).
    Removing stm32f10x_tim.o(i.TIM_TimeBaseStructInit), (18 bytes).
    Removing stm32f10x_tim.o(i.TIM_UpdateDisableConfig), (22 bytes).
    Removing stm32f10x_tim.o(i.TIM_UpdateRequestConfig), (22 bytes).
    Removing stm32f10x_usart.o(.rev16_text), (4 bytes).
    Removing stm32f10x_usart.o(.revsh_text), (4 bytes).
    Removing stm32f10x_usart.o(i.USART_ClearFlag), (6 bytes).
    Removing stm32f10x_usart.o(i.USART_ClearITPendingBit), (14 bytes).
    Removing stm32f10x_usart.o(i.USART_ClockInit), (36 bytes).
    Removing stm32f10x_usart.o(i.USART_ClockStructInit), (12 bytes).
    Removing stm32f10x_usart.o(i.USART_DMACmd), (16 bytes).
    Removing stm32f10x_usart.o(i.USART_DeInit), (160 bytes).
    Removing stm32f10x_usart.o(i.USART_GetITStatus), (76 bytes).
    Removing stm32f10x_usart.o(i.USART_HalfDuplexCmd), (18 bytes).
    Removing stm32f10x_usart.o(i.USART_IrDACmd), (18 bytes).
    Removing stm32f10x_usart.o(i.USART_IrDAConfig), (16 bytes).
    Removing stm32f10x_usart.o(i.USART_LINBreakDetectLengthConfig), (16 bytes).
    Removing stm32f10x_usart.o(i.USART_LINCmd), (18 bytes).
    Removing stm32f10x_usart.o(i.USART_ReceiverWakeUpCmd), (18 bytes).
    Removing stm32f10x_usart.o(i.USART_SendBreak), (10 bytes).
    Removing stm32f10x_usart.o(i.USART_SetAddress), (16 bytes).
    Removing stm32f10x_usart.o(i.USART_SetGuardTime), (16 bytes).
    Removing stm32f10x_usart.o(i.USART_SetPrescaler), (16 bytes).
    Removing stm32f10x_usart.o(i.USART_SmartCardCmd), (18 bytes).
    Removing stm32f10x_usart.o(i.USART_SmartCardNACKCmd), (18 bytes).
    Removing stm32f10x_usart.o(i.USART_WakeUpConfig), (16 bytes).
    Removing stm32f10x_wwdg.o(.rev16_text), (4 bytes).
    Removing stm32f10x_wwdg.o(.revsh_text), (4 bytes).
    Removing stm32f10x_wwdg.o(i.WWDG_ClearFlag), (12 bytes).
    Removing stm32f10x_wwdg.o(i.WWDG_DeInit), (24 bytes).
    Removing stm32f10x_wwdg.o(i.WWDG_Enable), (16 bytes).
    Removing stm32f10x_wwdg.o(i.WWDG_EnableIT), (12 bytes).
    Removing stm32f10x_wwdg.o(i.WWDG_GetFlagStatus), (12 bytes).
    Removing stm32f10x_wwdg.o(i.WWDG_SetCounter), (16 bytes).
    Removing stm32f10x_wwdg.o(i.WWDG_SetPrescaler), (20 bytes).
    Removing stm32f10x_wwdg.o(i.WWDG_SetWindowValue), (24 bytes).
    Removing system_stm32f10x.o(.rev16_text), (4 bytes).
    Removing system_stm32f10x.o(.revsh_text), (4 bytes).
    Removing system_stm32f10x.o(i.SetSysClockTo72), (148 bytes).
    Removing system_stm32f10x.o(i.SystemInit), (64 bytes).
    Removing system_stm32f10x.o(.constdata), (4 bytes).
    Removing system_stm32f10x.o(.constdata), (4 bytes).
    Removing system_stm32f10x.o(.constdata), (4 bytes).
    Removing system_stm32f10x.o(.constdata), (4 bytes).
    Removing system_stm32f10x.o(.constdata), (4 bytes).
    Removing misc.o(.rev16_text), (4 bytes).
    Removing misc.o(.revsh_text), (4 bytes).
    Removing misc.o(i.NVIC_SystemLPConfig), (24 bytes).
    Removing misc.o(i.SysTick_CLKSourceConfig), (22 bytes).
    Removing stm32f10x_vector.o(HEAP), (1024 bytes).
    Removing 24l01.o(.rev16_text), (4 bytes).
    Removing 24l01.o(.revsh_text), (4 bytes).
    Removing 24l01.o(i.NRF_TX_Mode), (112 bytes).
    Removing 24l01.o(i.NRF_Tx_Dat), (104 bytes).
    Removing tty.o(.rev16_text), (4 bytes).
    Removing tty.o(.revsh_text), (4 bytes).
    Removing tty.o(i.tty_command), (4 bytes).
    Removing delay.o(.rev16_text), (4 bytes).
    Removing delay.o(.revsh_text), (4 bytes).
    Removing delay.o(i.DelayUs), (40 bytes).

514 unused section(s) (total 15028 bytes) removed from the image.

==============================================================================

Image Symbol Table

    Local Symbols

    Symbol Name                              Value     Ov Type        Size  Object(Section)

    ../../../cmprslib/zerorunl2.c            0x00000000   Number         0  __dczerorl2.o ABSOLUTE
    ../../microlib/init/entry.s              0x00000000   Number         0  entry7a.o ABSOLUTE
    ../../microlib/init/entry.s              0x00000000   Number         0  entry8.o ABSOLUTE
    ../../microlib/init/entry.s              0x00000000   Number         0  entry.o ABSOLUTE
    ../../microlib/init/entry.s              0x00000000   Number         0  entry2.o ABSOLUTE
    ../../microlib/init/entry.s              0x00000000   Number         0  entry5.o ABSOLUTE
    ../../microlib/init/entry.s              0x00000000   Number         0  entry7b.o ABSOLUTE
    ..\Flib\misc.c                           0x00000000   Number         0  misc.o ABSOLUTE
    ..\Flib\stm32f10x_adc.c                  0x00000000   Number         0  stm32f10x_adc.o ABSOLUTE
    ..\Flib\stm32f10x_bkp.c                  0x00000000   Number         0  stm32f10x_bkp.o ABSOLUTE
    ..\Flib\stm32f10x_can.c                  0x00000000   Number         0  stm32f10x_can.o ABSOLUTE
    ..\Flib\stm32f10x_crc.c                  0x00000000   Number         0  stm32f10x_crc.o ABSOLUTE
    ..\Flib\stm32f10x_dac.c                  0x00000000   Number         0  stm32f10x_dac.o ABSOLUTE
    ..\Flib\stm32f10x_dbgmcu.c               0x00000000   Number         0  stm32f10x_dbgmcu.o ABSOLUTE
    ..\Flib\stm32f10x_dma.c                  0x00000000   Number         0  stm32f10x_dma.o ABSOLUTE
    ..\Flib\stm32f10x_exti.c                 0x00000000   Number         0  stm32f10x_exti.o ABSOLUTE
    ..\Flib\stm32f10x_flash.c                0x00000000   Number         0  stm32f10x_flash.o ABSOLUTE
    ..\Flib\stm32f10x_gpio.c                 0x00000000   Number         0  stm32f10x_gpio.o ABSOLUTE
    ..\Flib\stm32f10x_i2c.c                  0x00000000   Number         0  stm32f10x_i2c.o ABSOLUTE
    ..\Flib\stm32f10x_iwdg.c                 0x00000000   Number         0  stm32f10x_iwdg.o ABSOLUTE
    ..\Flib\stm32f10x_pwr.c                  0x00000000   Number         0  stm32f10x_pwr.o ABSOLUTE
    ..\Flib\stm32f10x_rcc.c                  0x00000000   Number         0  stm32f10x_rcc.o ABSOLUTE
    ..\Flib\stm32f10x_rtc.c                  0x00000000   Number         0  stm32f10x_rtc.o ABSOLUTE
    ..\Flib\stm32f10x_sdio.c                 0x00000000   Number         0  stm32f10x_sdio.o ABSOLUTE
    ..\Flib\stm32f10x_spi.c                  0x00000000   Number         0  stm32f10x_spi.o ABSOLUTE
    ..\Flib\stm32f10x_tim.c                  0x00000000   Number         0  stm32f10x_tim.o ABSOLUTE
    ..\Flib\stm32f10x_usart.c                0x00000000   Number         0  stm32f10x_usart.o ABSOLUTE
    ..\Flib\stm32f10x_wwdg.c                 0x00000000   Number         0  stm32f10x_wwdg.o ABSOLUTE
    ..\Flib\system_stm32f10x.c               0x00000000   Number         0  system_stm32f10x.o ABSOLUTE
    ..\\Flib\\misc.c                         0x00000000   Number         0  misc.o ABSOLUTE
    ..\\Flib\\stm32f10x_adc.c                0x00000000   Number         0  stm32f10x_adc.o ABSOLUTE
    ..\\Flib\\stm32f10x_bkp.c                0x00000000   Number         0  stm32f10x_bkp.o ABSOLUTE
    ..\\Flib\\stm32f10x_can.c                0x00000000   Number         0  stm32f10x_can.o ABSOLUTE
    ..\\Flib\\stm32f10x_crc.c                0x00000000   Number         0  stm32f10x_crc.o ABSOLUTE
    ..\\Flib\\stm32f10x_dac.c                0x00000000   Number         0  stm32f10x_dac.o ABSOLUTE
    ..\\Flib\\stm32f10x_dbgmcu.c             0x00000000   Number         0  stm32f10x_dbgmcu.o ABSOLUTE
    ..\\Flib\\stm32f10x_dma.c                0x00000000   Number         0  stm32f10x_dma.o ABSOLUTE
    ..\\Flib\\stm32f10x_exti.c               0x00000000   Number         0  stm32f10x_exti.o ABSOLUTE
    ..\\Flib\\stm32f10x_flash.c              0x00000000   Number         0  stm32f10x_flash.o ABSOLUTE
    ..\\Flib\\stm32f10x_gpio.c               0x00000000   Number         0  stm32f10x_gpio.o ABSOLUTE
    ..\\Flib\\stm32f10x_i2c.c                0x00000000   Number         0  stm32f10x_i2c.o ABSOLUTE
    ..\\Flib\\stm32f10x_iwdg.c               0x00000000   Number         0  stm32f10x_iwdg.o ABSOLUTE
    ..\\Flib\\stm32f10x_pwr.c                0x00000000   Number         0  stm32f10x_pwr.o ABSOLUTE
    ..\\Flib\\stm32f10x_rcc.c                0x00000000   Number         0  stm32f10x_rcc.o ABSOLUTE
    ..\\Flib\\stm32f10x_rtc.c                0x00000000   Number         0  stm32f10x_rtc.o ABSOLUTE
    ..\\Flib\\stm32f10x_sdio.c               0x00000000   Number         0  stm32f10x_sdio.o ABSOLUTE
    ..\\Flib\\stm32f10x_spi.c                0x00000000   Number         0  stm32f10x_spi.o ABSOLUTE
    ..\\Flib\\stm32f10x_tim.c                0x00000000   Number         0  stm32f10x_tim.o ABSOLUTE
    ..\\Flib\\stm32f10x_usart.c              0x00000000   Number         0  stm32f10x_usart.o ABSOLUTE
    ..\\Flib\\stm32f10x_wwdg.c               0x00000000   Number         0  stm32f10x_wwdg.o ABSOLUTE
    ..\\Flib\\system_stm32f10x.c             0x00000000   Number         0  system_stm32f10x.o ABSOLUTE
    ..\\driver\\24l01.c                      0x00000000   Number         0  24l01.o ABSOLUTE
    ..\\driver\\Delay.c                      0x00000000   Number         0  delay.o ABSOLUTE
    ..\\driver\\tty.c                        0x00000000   Number         0  tty.o ABSOLUTE
    ..\\source\\hw_config.c                  0x00000000   Number         0  hw_config.o ABSOLUTE
    ..\\source\\main.c                       0x00000000   Number         0  main.o ABSOLUTE
    ..\\source\\stm32f10x_it.c               0x00000000   Number         0  stm32f10x_it.o ABSOLUTE
    ..\\source\\usb_core.c                   0x00000000   Number         0  usb_core.o ABSOLUTE
    ..\\source\\usb_desc.c                   0x00000000   Number         0  usb_desc.o ABSOLUTE
    ..\\source\\usb_init.c                   0x00000000   Number         0  usb_init.o ABSOLUTE
    ..\\source\\usb_int.c                    0x00000000   Number         0  usb_int.o ABSOLUTE
    ..\\source\\usb_istr.c                   0x00000000   Number         0  usb_istr.o ABSOLUTE
    ..\\source\\usb_mem.c                    0x00000000   Number         0  usb_mem.o ABSOLUTE
    ..\\source\\usb_prop.c                   0x00000000   Number         0  usb_prop.o ABSOLUTE
    ..\\source\\usb_pwr.c                    0x00000000   Number         0  usb_pwr.o ABSOLUTE
    ..\\source\\usb_regs.c                   0x00000000   Number         0  usb_regs.o ABSOLUTE
    ..\driver\24l01.c                        0x00000000   Number         0  24l01.o ABSOLUTE
    ..\driver\Delay.c                        0x00000000   Number         0  delay.o ABSOLUTE
    ..\driver\tty.c                          0x00000000   Number         0  tty.o ABSOLUTE
    ..\source\hw_config.c                    0x00000000   Number         0  hw_config.o ABSOLUTE
    ..\source\main.c                         0x00000000   Number         0  main.o ABSOLUTE
    ..\source\stm32f10x_it.c                 0x00000000   Number         0  stm32f10x_it.o ABSOLUTE
    ..\source\usb_core.c                     0x00000000   Number         0  usb_core.o ABSOLUTE
    ..\source\usb_desc.c                     0x00000000   Number         0  usb_desc.o ABSOLUTE
    ..\source\usb_init.c                     0x00000000   Number         0  usb_init.o ABSOLUTE
    ..\source\usb_int.c                      0x00000000   Number         0  usb_int.o ABSOLUTE
    ..\source\usb_istr.c                     0x00000000   Number         0  usb_istr.o ABSOLUTE
    ..\source\usb_mem.c                      0x00000000   Number         0  usb_mem.o ABSOLUTE
    ..\source\usb_prop.c                     0x00000000   Number         0  usb_prop.o ABSOLUTE
    ..\source\usb_pwr.c                      0x00000000   Number         0  usb_pwr.o ABSOLUTE
    ..\source\usb_regs.c                     0x00000000   Number         0  usb_regs.o ABSOLUTE
    dc.s                                     0x00000000   Number         0  dc.o ABSOLUTE
    handlers.s                               0x00000000   Number         0  handlers.o ABSOLUTE
    init.s                                   0x00000000   Number         0  init.o ABSOLUTE
    stm32f10x_vector.s                       0x00000000   Number         0  stm32f10x_vector.o ABSOLUTE
    RESET                                    0x08000000   Section      304  stm32f10x_vector.o(RESET)
    .ARM.Collect$$$$00000000                 0x08000130   Section        0  entry.o(.ARM.Collect$$$$00000000)
    .ARM.Collect$$$$00000001                 0x08000130   Section        4  entry2.o(.ARM.Collect$$$$00000001)
    .ARM.Collect$$$$00000004                 0x08000134   Section        4  entry5.o(.ARM.Collect$$$$00000004)
    .ARM.Collect$$$$00000008                 0x08000138   Section        0  entry7b.o(.ARM.Collect$$$$00000008)
    .ARM.Collect$$$$00000009                 0x08000138   Section        8  entry8.o(.ARM.Collect$$$$00000009)
    .ARM.Collect$$$$00002712                 0x08000140   Section        4  entry2.o(.ARM.Collect$$$$00002712)
    __lit__00000000                          0x08000140   Data           4  entry2.o(.ARM.Collect$$$$00002712)
    .text                                    0x08000144   Section        8  stm32f10x_vector.o(.text)
    .text                                    0x0800014c   Section       36  init.o(.text)
    .text                                    0x08000170   Section        0  __dczerorl2.o(.text)
    i.ADC1_2_IRQHandler                      0x080001cc   Section        0  stm32f10x_it.o(i.ADC1_2_IRQHandler)
    i.ADC3_IRQHandler                        0x080001ce   Section        0  stm32f10x_it.o(i.ADC3_IRQHandler)
    i.BusFaultException                      0x080001d0   Section        0  stm32f10x_it.o(i.BusFaultException)
    i.ByteSwap                               0x080001d2   Section        0  usb_regs.o(i.ByteSwap)
    i.CAN_RX1_IRQHandler                     0x080001dc   Section        0  stm32f10x_it.o(i.CAN_RX1_IRQHandler)
    i.CAN_SCE_IRQHandler                     0x080001de   Section        0  stm32f10x_it.o(i.CAN_SCE_IRQHandler)
    i.CTR_LP                                 0x080001e0   Section        0  usb_int.o(i.CTR_LP)
    i.ClearDTOG_RX                           0x08000340   Section        0  usb_regs.o(i.ClearDTOG_RX)
    i.ClearDTOG_TX                           0x08000364   Section        0  usb_regs.o(i.ClearDTOG_TX)
    i.Clear_Status_Out                       0x08000388   Section        0  usb_regs.o(i.Clear_Status_Out)
    i.DMA1_Channel1_IRQHandler               0x080003a0   Section        0  stm32f10x_it.o(i.DMA1_Channel1_IRQHandler)
    i.DMA1_Channel2_IRQHandler               0x080003a2   Section        0  stm32f10x_it.o(i.DMA1_Channel2_IRQHandler)
    i.DMA1_Channel3_IRQHandler               0x080003a4   Section        0  stm32f10x_it.o(i.DMA1_Channel3_IRQHandler)
    i.DMA1_Channel4_IRQHandler               0x080003a6   Section        0  stm32f10x_it.o(i.DMA1_Channel4_IRQHandler)
    i.DMA1_Channel5_IRQHandler               0x080003a8   Section        0  stm32f10x_it.o(i.DMA1_Channel5_IRQHandler)
    i.DMA1_Channel6_IRQHandler               0x080003aa   Section        0  stm32f10x_it.o(i.DMA1_Channel6_IRQHandler)
    i.DMA1_Channel7_IRQHandler               0x080003ac   Section        0  stm32f10x_it.o(i.DMA1_Channel7_IRQHandler)
    i.DMA2_Channel1_IRQHandler               0x080003ae   Section        0  stm32f10x_it.o(i.DMA2_Channel1_IRQHandler)
    i.DMA2_Channel2_IRQHandler               0x080003b0   Section        0  stm32f10x_it.o(i.DMA2_Channel2_IRQHandler)
    i.DMA2_Channel3_IRQHandler               0x080003b2   Section        0  stm32f10x_it.o(i.DMA2_Channel3_IRQHandler)
    i.DMA2_Channel4_5_IRQHandler             0x080003b4   Section        0  stm32f10x_it.o(i.DMA2_Channel4_5_IRQHandler)
    i.DataStageIn                            0x080003b8   Section        0  usb_core.o(i.DataStageIn)
    DataStageIn                              0x080003b9   Thumb Code   162  usb_core.o(i.DataStageIn)
    i.DataStageOut                           0x08000474   Section        0  usb_core.o(i.DataStageOut)
    DataStageOut                             0x08000475   Thumb Code   146  usb_core.o(i.DataStageOut)
    i.Data_Setup0                            0x0800051c   Section        0  usb_core.o(i.Data_Setup0)
    Data_Setup0                              0x0800051d   Thumb Code   374  usb_core.o(i.Data_Setup0)
    i.DebugMonitor                           0x080006b8   Section        0  stm32f10x_it.o(i.DebugMonitor)
    i.DelayMs                                0x080006bc   Section        0  delay.o(i.DelayMs)
    i.Delay_init                             0x080006e4   Section        0  delay.o(i.Delay_init)
    i.EXTI0_IRQHandler                       0x08000704   Section        0  stm32f10x_it.o(i.EXTI0_IRQHandler)
    i.EXTI15_10_IRQHandler                   0x08000706   Section        0  stm32f10x_it.o(i.EXTI15_10_IRQHandler)
    i.EXTI1_IRQHandler                       0x08000708   Section        0  stm32f10x_it.o(i.EXTI1_IRQHandler)
    i.EXTI2_IRQHandler                       0x0800070a   Section        0  stm32f10x_it.o(i.EXTI2_IRQHandler)
    i.EXTI3_IRQHandler                       0x0800070c   Section        0  stm32f10x_it.o(i.EXTI3_IRQHandler)
    i.EXTI4_IRQHandler                       0x0800070e   Section        0  stm32f10x_it.o(i.EXTI4_IRQHandler)
    i.EXTI9_5_IRQHandler                     0x08000710   Section        0  stm32f10x_it.o(i.EXTI9_5_IRQHandler)
    i.EXTI_ClearITPendingBit                 0x08000754   Section        0  stm32f10x_exti.o(i.EXTI_ClearITPendingBit)
    i.EXTI_GetITStatus                       0x08000760   Section        0  stm32f10x_exti.o(i.EXTI_GetITStatus)
    i.Enter_LowPowerMode                     0x08000780   Section        0  hw_config.o(i.Enter_LowPowerMode)
    i.FLASH_IRQHandler                       0x0800078c   Section        0  stm32f10x_it.o(i.FLASH_IRQHandler)
    i.FLASH_PrefetchBufferCmd                0x08000790   Section        0  stm32f10x_flash.o(i.FLASH_PrefetchBufferCmd)
    i.FLASH_SetLatency                       0x080007a8   Section        0  stm32f10x_flash.o(i.FLASH_SetLatency)
    i.FSMC_IRQHandler                        0x080007bc   Section        0  stm32f10x_it.o(i.FSMC_IRQHandler)
    i.GPIO_Init                              0x080007be   Section        0  stm32f10x_gpio.o(i.GPIO_Init)
    i.GPIO_PinRemapConfig                    0x0800086c   Section        0  stm32f10x_gpio.o(i.GPIO_PinRemapConfig)
    i.GPIO_ReadInputDataBit                  0x080008cc   Section        0  stm32f10x_gpio.o(i.GPIO_ReadInputDataBit)
    i.GPIO_ResetBits                         0x080008da   Section        0  stm32f10x_gpio.o(i.GPIO_ResetBits)
    i.GPIO_SetBits                           0x080008de   Section        0  stm32f10x_gpio.o(i.GPIO_SetBits)
    i.GPIO_WriteBit                          0x080008e2   Section        0  stm32f10x_gpio.o(i.GPIO_WriteBit)
    i.GetEPRxAddr                            0x080008ec   Section        0  usb_regs.o(i.GetEPRxAddr)
    i.GetEPTxAddr                            0x0800090c   Section        0  usb_regs.o(i.GetEPTxAddr)
    i.Get_SerialNum                          0x08000928   Section        0  hw_config.o(i.Get_SerialNum)
    i.HardFaultException                     0x08000970   Section        0  stm32f10x_it.o(i.HardFaultException)
    i.I2C1_ER_IRQHandler                     0x08000972   Section        0  stm32f10x_it.o(i.I2C1_ER_IRQHandler)
    i.I2C1_EV_IRQHandler                     0x08000974   Section        0  stm32f10x_it.o(i.I2C1_EV_IRQHandler)
    i.I2C2_ER_IRQHandler                     0x08000976   Section        0  stm32f10x_it.o(i.I2C2_ER_IRQHandler)
    i.I2C2_EV_IRQHandler                     0x08000978   Section        0  stm32f10x_it.o(i.I2C2_EV_IRQHandler)
    i.In0_Process                            0x0800097c   Section        0  usb_core.o(i.In0_Process)
    i.Joystick_Data_Setup                    0x080009d8   Section        0  usb_prop.o(i.Joystick_Data_Setup)
    i.Joystick_GetConfigDescriptor           0x08000a34   Section        0  usb_prop.o(i.Joystick_GetConfigDescriptor)
    i.Joystick_GetDeviceDescriptor           0x08000a40   Section        0  usb_prop.o(i.Joystick_GetDeviceDescriptor)
    i.Joystick_GetHIDDescriptor              0x08000a4c   Section        0  usb_prop.o(i.Joystick_GetHIDDescriptor)
    i.Joystick_GetProtocolValue              0x08000a58   Section        0  usb_prop.o(i.Joystick_GetProtocolValue)
    i.Joystick_GetReportDescriptor           0x08000a74   Section        0  usb_prop.o(i.Joystick_GetReportDescriptor)
    i.Joystick_GetStringDescriptor           0x08000a80   Section        0  usb_prop.o(i.Joystick_GetStringDescriptor)
    i.Joystick_Get_Interface_Setting         0x08000aa0   Section        0  usb_prop.o(i.Joystick_Get_Interface_Setting)
    i.Joystick_NoData_Setup                  0x08000aac   Section        0  usb_prop.o(i.Joystick_NoData_Setup)
    i.Joystick_Reset                         0x08000acc   Section        0  usb_prop.o(i.Joystick_Reset)
    i.Joystick_SetConfiguration              0x08000b6c   Section        0  usb_prop.o(i.Joystick_SetConfiguration)
    i.Joystick_SetDeviceAddress              0x08000b84   Section        0  usb_prop.o(i.Joystick_SetDeviceAddress)
    i.Joystick_SetProtocol                   0x08000b90   Section        0  usb_prop.o(i.Joystick_SetProtocol)
    i.Joystick_Status_In                     0x08000ba8   Section        0  usb_prop.o(i.Joystick_Status_In)
    i.Joystick_Status_Out                    0x08000baa   Section        0  usb_prop.o(i.Joystick_Status_Out)
    i.Joystick_init                          0x08000bac   Section        0  usb_prop.o(i.Joystick_init)
    i.Leave_LowPowerMode                     0x08000c18   Section        0  hw_config.o(i.Leave_LowPowerMode)
    i.MemManageException                     0x08000c34   Section        0  stm32f10x_it.o(i.MemManageException)
    i.NMIException                           0x08000c36   Section        0  stm32f10x_it.o(i.NMIException)
    i.NOP_Process                            0x08000c38   Section        0  usb_core.o(i.NOP_Process)
    i.NRF24L01_Check                         0x08000c3c   Section        0  24l01.o(i.NRF24L01_Check)
    i.NRF24L01_Init                          0x08000c84   Section        0  24l01.o(i.NRF24L01_Init)
    i.NRF24L01_Read_Buf                      0x08000d54   Section        0  24l01.o(i.NRF24L01_Read_Buf)
    i.NRF24L01_Read_Reg                      0x08000da0   Section        0  24l01.o(i.NRF24L01_Read_Reg)
    i.NRF24L01_Write_Buf                     0x08000dd4   Section        0  24l01.o(i.NRF24L01_Write_Buf)
    i.NRF24L01_Write_Reg                     0x08000e2c   Section        0  24l01.o(i.NRF24L01_Write_Reg)
    i.NRF_RX_Mode                            0x08000e68   Section        0  24l01.o(i.NRF_RX_Mode)
    i.NRF_Rx_Dat                             0x08000ebc   Section        0  24l01.o(i.NRF_Rx_Dat)
    i.NVIC_Init                              0x08000f0c   Section        0  misc.o(i.NVIC_Init)
    i.NVIC_PriorityGroupConfig               0x08000f7c   Section        0  misc.o(i.NVIC_PriorityGroupConfig)
    i.NVIC_SetVectorTable                    0x08000f90   Section        0  misc.o(i.NVIC_SetVectorTable)
    i.NoData_Setup0                          0x08000fa4   Section        0  usb_core.o(i.NoData_Setup0)
    NoData_Setup0                            0x08000fa5   Thumb Code   196  usb_core.o(i.NoData_Setup0)
    i.Out0_Process                           0x0800107c   Section        0  usb_core.o(i.Out0_Process)
    i.PMAToUserBufferCopy                    0x080010bc   Section        0  usb_mem.o(i.PMAToUserBufferCopy)
    i.PVD_IRQHandler                         0x080010d8   Section        0  stm32f10x_it.o(i.PVD_IRQHandler)
    i.PendSVC                                0x080010da   Section        0  stm32f10x_it.o(i.PendSVC)
    i.Post0_Process                          0x080010dc   Section        0  usb_core.o(i.Post0_Process)
    i.PowerOn                                0x08001120   Section        0  usb_pwr.o(i.PowerOn)
    i.RCC_APB1PeriphClockCmd                 0x0800114c   Section        0  stm32f10x_rcc.o(i.RCC_APB1PeriphClockCmd)
    i.RCC_APB2PeriphClockCmd                 0x08001164   Section        0  stm32f10x_rcc.o(i.RCC_APB2PeriphClockCmd)
    i.RCC_DeInit                             0x0800117c   Section        0  stm32f10x_rcc.o(i.RCC_DeInit)
    i.RCC_GetClocksFreq                      0x080011b8   Section        0  stm32f10x_rcc.o(i.RCC_GetClocksFreq)
    i.RCC_GetFlagStatus                      0x08001264   Section        0  stm32f10x_rcc.o(i.RCC_GetFlagStatus)
    i.RCC_GetSYSCLKSource                    0x08001294   Section        0  stm32f10x_rcc.o(i.RCC_GetSYSCLKSource)
    i.RCC_HCLKConfig                         0x080012a4   Section        0  stm32f10x_rcc.o(i.RCC_HCLKConfig)
    i.RCC_HSEConfig                          0x080012b8   Section        0  stm32f10x_rcc.o(i.RCC_HSEConfig)
    i.RCC_IRQHandler                         0x080012f0   Section        0  stm32f10x_it.o(i.RCC_IRQHandler)
    i.RCC_PCLK1Config                        0x080012f4   Section        0  stm32f10x_rcc.o(i.RCC_PCLK1Config)
    i.RCC_PCLK2Config                        0x08001308   Section        0  stm32f10x_rcc.o(i.RCC_PCLK2Config)
    i.RCC_PLLCmd                             0x0800131c   Section        0  stm32f10x_rcc.o(i.RCC_PLLCmd)
    i.RCC_PLLConfig                          0x08001328   Section        0  stm32f10x_rcc.o(i.RCC_PLLConfig)
    i.RCC_SYSCLKConfig                       0x0800133c   Section        0  stm32f10x_rcc.o(i.RCC_SYSCLKConfig)
    i.RCC_USBCLKConfig                       0x08001350   Section        0  stm32f10x_rcc.o(i.RCC_USBCLKConfig)
    i.RCC_WaitForHSEStartUp                  0x0800135c   Section        0  stm32f10x_rcc.o(i.RCC_WaitForHSEStartUp)
    i.RTCAlarm_IRQHandler                    0x08001388   Section        0  stm32f10x_it.o(i.RTCAlarm_IRQHandler)
    i.RTC_IRQHandler                         0x0800138a   Section        0  stm32f10x_it.o(i.RTC_IRQHandler)
    i.Resume                                 0x0800138c   Section        0  usb_pwr.o(i.Resume)
    i.Resume_Init                            0x08001408   Section        0  usb_pwr.o(i.Resume_Init)
    i.ReveiveCmd                             0x08001428   Section        0  hw_config.o(i.ReveiveCmd)
    i.SDIO_IRQHandler                        0x08001498   Section        0  stm32f10x_it.o(i.SDIO_IRQHandler)
    i.SPI1_IRQHandler                        0x0800149a   Section        0  stm32f10x_it.o(i.SPI1_IRQHandler)
    i.SPI2_IRQHandler                        0x0800149c   Section        0  stm32f10x_it.o(i.SPI2_IRQHandler)
    i.SPI3_IRQHandler                        0x0800149e   Section        0  stm32f10x_it.o(i.SPI3_IRQHandler)
    i.SPI_Cmd                                0x080014a0   Section        0  stm32f10x_spi.o(i.SPI_Cmd)
    i.SPI_I2S_GetFlagStatus                  0x080014b2   Section        0  stm32f10x_spi.o(i.SPI_I2S_GetFlagStatus)
    i.SPI_I2S_ReceiveData                    0x080014c0   Section        0  stm32f10x_spi.o(i.SPI_I2S_ReceiveData)
    i.SPI_I2S_SendData                       0x080014c4   Section        0  stm32f10x_spi.o(i.SPI_I2S_SendData)
    i.SPI_Init                               0x080014c8   Section        0  stm32f10x_spi.o(i.SPI_Init)
    i.SPI_NRF_RW                             0x0800151c   Section        0  24l01.o(i.SPI_NRF_RW)
    i.SVCHandler                             0x08001550   Section        0  stm32f10x_it.o(i.SVCHandler)
    i.Send_BoardKeys                         0x08001552   Section        0  hw_config.o(i.Send_BoardKeys)
    i.Send_MouseKeys                         0x080015c0   Section        0  hw_config.o(i.Send_MouseKeys)
    i.SetBTABLE                              0x0800168c   Section        0  usb_regs.o(i.SetBTABLE)
    i.SetDeviceAddress                       0x0800169c   Section        0  usb_core.o(i.SetDeviceAddress)
    i.SetEPRxAddr                            0x080016d8   Section        0  usb_regs.o(i.SetEPRxAddr)
    i.SetEPRxCount                           0x080016f8   Section        0  usb_regs.o(i.SetEPRxCount)
    i.SetEPRxStatus                          0x08001738   Section        0  usb_regs.o(i.SetEPRxStatus)
    i.SetEPRxValid                           0x08001764   Section        0  usb_regs.o(i.SetEPRxValid)
    i.SetEPTxAddr                            0x08001780   Section        0  usb_regs.o(i.SetEPTxAddr)
    i.SetEPTxCount                           0x080017a0   Section        0  usb_regs.o(i.SetEPTxCount)
    i.SetEPTxStatus                          0x080017bc   Section        0  usb_regs.o(i.SetEPTxStatus)
    i.SetEPTxValid                           0x080017e8   Section        0  usb_regs.o(i.SetEPTxValid)
    i.SetEPType                              0x08001804   Section        0  usb_regs.o(i.SetEPType)
    i.Set_System                             0x08001820   Section        0  hw_config.o(i.Set_System)
    i.Set_USBClock                           0x080018d0   Section        0  hw_config.o(i.Set_USBClock)
    i.Setup0_Process                         0x080018e4   Section        0  usb_core.o(i.Setup0_Process)
    i.Standard_ClearFeature                  0x0800194c   Section        0  usb_core.o(i.Standard_ClearFeature)
    i.Standard_GetConfiguration              0x08001a2c   Section        0  usb_core.o(i.Standard_GetConfiguration)
    i.Standard_GetDescriptorData             0x08001a54   Section        0  usb_core.o(i.Standard_GetDescriptorData)
    i.Standard_GetInterface                  0x08001a70   Section        0  usb_core.o(i.Standard_GetInterface)
    i.Standard_GetStatus                     0x08001a98   Section        0  usb_core.o(i.Standard_GetStatus)
    i.Standard_SetConfiguration              0x08001b24   Section        0  usb_core.o(i.Standard_SetConfiguration)
    i.Standard_SetDeviceFeature              0x08001b5c   Section        0  usb_core.o(i.Standard_SetDeviceFeature)
    i.Standard_SetEndPointFeature            0x08001b80   Section        0  usb_core.o(i.Standard_SetEndPointFeature)
    i.Standard_SetInterface                  0x08001c00   Section        0  usb_core.o(i.Standard_SetInterface)
    i.Suspend                                0x08001c48   Section        0  usb_pwr.o(i.Suspend)
    i.SysTickHandler                         0x08001c68   Section        0  stm32f10x_it.o(i.SysTickHandler)
    i.TAMPER_IRQHandler                      0x08001c6a   Section        0  stm32f10x_it.o(i.TAMPER_IRQHandler)
    i.TIM1_BRK_IRQHandler                    0x08001c6c   Section        0  stm32f10x_it.o(i.TIM1_BRK_IRQHandler)
    i.TIM1_CC_IRQHandler                     0x08001c6e   Section        0  stm32f10x_it.o(i.TIM1_CC_IRQHandler)
    i.TIM1_TRG_COM_IRQHandler                0x08001c70   Section        0  stm32f10x_it.o(i.TIM1_TRG_COM_IRQHandler)
    i.TIM1_UP_IRQHandler                     0x08001c72   Section        0  stm32f10x_it.o(i.TIM1_UP_IRQHandler)
    i.TIM2_IRQHandler                        0x08001c74   Section        0  stm32f10x_it.o(i.TIM2_IRQHandler)
    i.TIM3_IRQHandler                        0x08001c76   Section        0  stm32f10x_it.o(i.TIM3_IRQHandler)
    i.TIM4_IRQHandler                        0x08001c78   Section        0  stm32f10x_it.o(i.TIM4_IRQHandler)
    i.TIM5_IRQHandler                        0x08001c7a   Section        0  stm32f10x_it.o(i.TIM5_IRQHandler)
    i.TIM6_IRQHandler                        0x08001c7c   Section        0  stm32f10x_it.o(i.TIM6_IRQHandler)
    i.TIM7_IRQHandler                        0x08001c7e   Section        0  stm32f10x_it.o(i.TIM7_IRQHandler)
    i.TIM8_BRK_IRQHandler                    0x08001c80   Section        0  stm32f10x_it.o(i.TIM8_BRK_IRQHandler)
    i.TIM8_CC_IRQHandler                     0x08001c82   Section        0  stm32f10x_it.o(i.TIM8_CC_IRQHandler)
    i.TIM8_TRG_COM_IRQHandler                0x08001c84   Section        0  stm32f10x_it.o(i.TIM8_TRG_COM_IRQHandler)
    i.TIM8_UP_IRQHandler                     0x08001c86   Section        0  stm32f10x_it.o(i.TIM8_UP_IRQHandler)
    i.UART4_IRQHandler                       0x08001c88   Section        0  stm32f10x_it.o(i.UART4_IRQHandler)
    i.UART5_IRQHandler                       0x08001c8a   Section        0  stm32f10x_it.o(i.UART5_IRQHandler)
    i.USART1_IRQHandler                      0x08001c8c   Section        0  tty.o(i.USART1_IRQHandler)
    i.USART2_IRQHandler                      0x08001ca4   Section        0  stm32f10x_it.o(i.USART2_IRQHandler)
    i.USART3_IRQHandler                      0x08001ca6   Section        0  stm32f10x_it.o(i.USART3_IRQHandler)
    i.USART_Cmd                              0x08001ca8   Section        0  stm32f10x_usart.o(i.USART_Cmd)
    i.USART_GetFlagStatus                    0x08001cba   Section        0  stm32f10x_usart.o(i.USART_GetFlagStatus)
    i.USART_ITConfig                         0x08001cc8   Section        0  stm32f10x_usart.o(i.USART_ITConfig)
    i.USART_Init                             0x08001cf8   Section        0  stm32f10x_usart.o(i.USART_Init)
    i.USART_ReceiveData                      0x08001d88   Section        0  stm32f10x_usart.o(i.USART_ReceiveData)
    i.USART_SendData                         0x08001d90   Section        0  stm32f10x_usart.o(i.USART_SendData)
    i.USART_StructInit                       0x08001d98   Section        0  stm32f10x_usart.o(i.USART_StructInit)
    i.USBWakeUp_IRQHandler                   0x08001db0   Section        0  stm32f10x_it.o(i.USBWakeUp_IRQHandler)
    i.USB_Cable_Config                       0x08001dcc   Section        0  hw_config.o(i.USB_Cable_Config)
    i.USB_HP_CAN_TX_IRQHandler               0x08001de4   Section        0  stm32f10x_it.o(i.USB_HP_CAN_TX_IRQHandler)
    i.USB_Init                               0x08001de8   Section        0  usb_init.o(i.USB_Init)
    i.USB_Interrupts_Config                  0x08001e10   Section        0  hw_config.o(i.USB_Interrupts_Config)
    i.USB_Istr                               0x08001e54   Section        0  usb_istr.o(i.USB_Istr)
    i.USB_LP_CAN_RX0_IRQHandler              0x08001f14   Section        0  stm32f10x_it.o(i.USB_LP_CAN_RX0_IRQHandler)
    i.UsageFaultException                    0x08001f18   Section        0  stm32f10x_it.o(i.UsageFaultException)
    i.UserToPMABufferCopy                    0x08001f1c   Section        0  usb_mem.o(i.UserToPMABufferCopy)
    i.WWDG_IRQHandler                        0x08001f44   Section        0  stm32f10x_it.o(i.WWDG_IRQHandler)
    i.__scatterload_copy                     0x08001f46   Section       14  handlers.o(i.__scatterload_copy)
    i.__scatterload_null                     0x08001f54   Section        2  handlers.o(i.__scatterload_null)
    i.__scatterload_zeroinit                 0x08001f56   Section       14  handlers.o(i.__scatterload_zeroinit)
    i.main                                   0x08001f64   Section        0  main.o(i.main)
    i.tty_init                               0x080020cc   Section        0  tty.o(i.tty_init)
    i.tty_printf                             0x08002160   Section        0  tty.o(i.tty_printf)
    i.tty_printf_H                           0x0800218c   Section        0  tty.o(i.tty_printf_H)
    .constdata                               0x0800220c   Section       18  usb_desc.o(.constdata)
    .constdata                               0x0800221e   Section       41  usb_desc.o(.constdata)
    .constdata                               0x08002247   Section      121  usb_desc.o(.constdata)
    .constdata                               0x080022c0   Section        4  usb_desc.o(.constdata)
    .constdata                               0x080022c4   Section       38  usb_desc.o(.constdata)
    .constdata                               0x080022ea   Section       30  usb_desc.o(.constdata)
    .constdata                               0x08002308   Section       10  24l01.o(.constdata)
    .data                                    0x20000000   Section        1  hw_config.o(.data)
    .data                                    0x20000001   Section       26  usb_desc.o(.data)
    .data                                    0x2000001c   Section        4  usb_istr.o(.data)
    .data                                    0x20000020   Section       28  usb_istr.o(.data)
    .data                                    0x2000003c   Section       28  usb_istr.o(.data)
    .data                                    0x20000058   Section        2  usb_prop.o(.data)
    .data                                    0x2000005c   Section      116  usb_prop.o(.data)
    .data                                    0x200000d0   Section       36  usb_prop.o(.data)
    .data                                    0x200000f4   Section        4  usb_pwr.o(.data)
    .data                                    0x200000f8   Section        1  usb_pwr.o(.data)
    .data                                    0x200000f9   Section        2  usb_pwr.o(.data)
    .data                                    0x200000fc   Section        4  usb_core.o(.data)
    .data                                    0x20000100   Section        1  usb_init.o(.data)
    .data                                    0x20000104   Section       12  usb_init.o(.data)
    .data                                    0x20000110   Section        2  usb_init.o(.data)
    .data                                    0x20000112   Section        4  usb_int.o(.data)
    .data                                    0x20000116   Section       20  stm32f10x_rcc.o(.data)
    ADCPrescTable                            0x20000116   Data           4  stm32f10x_rcc.o(.data)
    APBAHBPrescTable                         0x2000011a   Data          16  stm32f10x_rcc.o(.data)
    .data                                    0x2000012a   Section        4  delay.o(.data)
    fac_us                                   0x2000012a   Data           1  delay.o(.data)
    fac_ms                                   0x2000012c   Data           2  delay.o(.data)
    .bss                                     0x20000130   Section       28  usb_init.o(.bss)
    STACK                                    0x20000150   Section     1024  stm32f10x_vector.o(STACK)

    Global Symbols

    Symbol Name                              Value     Ov Type        Size  Object(Section)

    BuildAttributes$$THM_ISAv4$P$D$K$B$S$PE$A:L22UL41UL21$X:L11$S22US41US21$IEEE1$IW$USESV6$~STKCKD$USESV7$~SHL$OTIME$EBA8$MICROLIB$REQ8$PRES8$EABIv2 0x00000000   Number         0  anon$$obj.o ABSOLUTE
    __ARM_use_no_argv                        0x00000000   Number         0  main.o ABSOLUTE
    _clock_init                               - Undefined Weak Reference
    __Vectors                                0x08000000   Data           4  stm32f10x_vector.o(RESET)
    __main                                   0x08000131   Thumb Code     0  entry.o(.ARM.Collect$$$$00000000)
    _main_stk                                0x08000131   Thumb Code     0  entry2.o(.ARM.Collect$$$$00000001)
    _main_scatterload                        0x08000135   Thumb Code     0  entry5.o(.ARM.Collect$$$$00000004)
    __main_after_scatterload                 0x08000139   Thumb Code     0  entry5.o(.ARM.Collect$$$$00000004)
    _main_clock                              0x08000139   Thumb Code     0  entry7b.o(.ARM.Collect$$$$00000008)
    _main_init                               0x08000139   Thumb Code     0  entry8.o(.ARM.Collect$$$$00000009)
    Reset_Handler                            0x08000145   Thumb Code     4  stm32f10x_vector.o(.text)
    __scatterload                            0x0800014d   Thumb Code    28  init.o(.text)
    __scatterload_rt2                        0x0800014d   Thumb Code     0  init.o(.text)
    __decompress                             0x08000171   Thumb Code     0  __dczerorl2.o(.text)
    __decompress1                            0x08000171   Thumb Code    92  __dczerorl2.o(.text)
    ADC1_2_IRQHandler                        0x080001cd   Thumb Code     2  stm32f10x_it.o(i.ADC1_2_IRQHandler)
    ADC3_IRQHandler                          0x080001cf   Thumb Code     2  stm32f10x_it.o(i.ADC3_IRQHandler)
    BusFaultException                        0x080001d1   Thumb Code     2  stm32f10x_it.o(i.BusFaultException)
    ByteSwap                                 0x080001d3   Thumb Code    10  usb_regs.o(i.ByteSwap)
    CAN_RX1_IRQHandler                       0x080001dd   Thumb Code     2  stm32f10x_it.o(i.CAN_RX1_IRQHandler)
    CAN_SCE_IRQHandler                       0x080001df   Thumb Code     2  stm32f10x_it.o(i.CAN_SCE_IRQHandler)
    CTR_LP                                   0x080001e1   Thumb Code   328  usb_int.o(i.CTR_LP)
    ClearDTOG_RX                             0x08000341   Thumb Code    30  usb_regs.o(i.ClearDTOG_RX)
    ClearDTOG_TX                             0x08000365   Thumb Code    30  usb_regs.o(i.ClearDTOG_TX)
    Clear_Status_Out                         0x08000389   Thumb Code    20  usb_regs.o(i.Clear_Status_Out)
    DMA1_Channel1_IRQHandler                 0x080003a1   Thumb Code     2  stm32f10x_it.o(i.DMA1_Channel1_IRQHandler)
    DMA1_Channel2_IRQHandler                 0x080003a3   Thumb Code     2  stm32f10x_it.o(i.DMA1_Channel2_IRQHandler)
    DMA1_Channel3_IRQHandler                 0x080003a5   Thumb Code     2  stm32f10x_it.o(i.DMA1_Channel3_IRQHandler)
    DMA1_Channel4_IRQHandler                 0x080003a7   Thumb Code     2  stm32f10x_it.o(i.DMA1_Channel4_IRQHandler)
    DMA1_Channel5_IRQHandler                 0x080003a9   Thumb Code     2  stm32f10x_it.o(i.DMA1_Channel5_IRQHandler)
    DMA1_Channel6_IRQHandler                 0x080003ab   Thumb Code     2  stm32f10x_it.o(i.DMA1_Channel6_IRQHandler)
    DMA1_Channel7_IRQHandler                 0x080003ad   Thumb Code     2  stm32f10x_it.o(i.DMA1_Channel7_IRQHandler)
    DMA2_Channel1_IRQHandler                 0x080003af   Thumb Code     2  stm32f10x_it.o(i.DMA2_Channel1_IRQHandler)
    DMA2_Channel2_IRQHandler                 0x080003b1   Thumb Code     2  stm32f10x_it.o(i.DMA2_Channel2_IRQHandler)
    DMA2_Channel3_IRQHandler                 0x080003b3   Thumb Code     2  stm32f10x_it.o(i.DMA2_Channel3_IRQHandler)
    DMA2_Channel4_5_IRQHandler               0x080003b5   Thumb Code     2  stm32f10x_it.o(i.DMA2_Channel4_5_IRQHandler)
    DebugMonitor                             0x080006b9   Thumb Code     2  stm32f10x_it.o(i.DebugMonitor)
    DelayMs                                  0x080006bd   Thumb Code    36  delay.o(i.DelayMs)
    Delay_init                               0x080006e5   Thumb Code    28  delay.o(i.Delay_init)
    EXTI0_IRQHandler                         0x08000705   Thumb Code     2  stm32f10x_it.o(i.EXTI0_IRQHandler)
    EXTI15_10_IRQHandler                     0x08000707   Thumb Code     2  stm32f10x_it.o(i.EXTI15_10_IRQHandler)
    EXTI1_IRQHandler                         0x08000709   Thumb Code     2  stm32f10x_it.o(i.EXTI1_IRQHandler)
    EXTI2_IRQHandler                         0x0800070b   Thumb Code     2  stm32f10x_it.o(i.EXTI2_IRQHandler)
    EXTI3_IRQHandler                         0x0800070d   Thumb Code     2  stm32f10x_it.o(i.EXTI3_IRQHandler)
    EXTI4_IRQHandler                         0x0800070f   Thumb Code     2  stm32f10x_it.o(i.EXTI4_IRQHandler)
    EXTI9_5_IRQHandler                       0x08000711   Thumb Code    50  stm32f10x_it.o(i.EXTI9_5_IRQHandler)
    EXTI_ClearITPendingBit                   0x08000755   Thumb Code     6  stm32f10x_exti.o(i.EXTI_ClearITPendingBit)
    EXTI_GetITStatus                         0x08000761   Thumb Code    24  stm32f10x_exti.o(i.EXTI_GetITStatus)
    Enter_LowPowerMode                       0x08000781   Thumb Code     8  hw_config.o(i.Enter_LowPowerMode)
    FLASH_IRQHandler                         0x0800078d   Thumb Code     2  stm32f10x_it.o(i.FLASH_IRQHandler)
    FLASH_PrefetchBufferCmd                  0x08000791   Thumb Code    18  stm32f10x_flash.o(i.FLASH_PrefetchBufferCmd)
    FLASH_SetLatency                         0x080007a9   Thumb Code    14  stm32f10x_flash.o(i.FLASH_SetLatency)
    FSMC_IRQHandler                          0x080007bd   Thumb Code     2  stm32f10x_it.o(i.FSMC_IRQHandler)
    GPIO_Init                                0x080007bf   Thumb Code   174  stm32f10x_gpio.o(i.GPIO_Init)
    GPIO_PinRemapConfig                      0x0800086d   Thumb Code    92  stm32f10x_gpio.o(i.GPIO_PinRemapConfig)
    GPIO_ReadInputDataBit                    0x080008cd   Thumb Code    14  stm32f10x_gpio.o(i.GPIO_ReadInputDataBit)
    GPIO_ResetBits                           0x080008db   Thumb Code     4  stm32f10x_gpio.o(i.GPIO_ResetBits)
    GPIO_SetBits                             0x080008df   Thumb Code     4  stm32f10x_gpio.o(i.GPIO_SetBits)
    GPIO_WriteBit                            0x080008e3   Thumb Code    10  stm32f10x_gpio.o(i.GPIO_WriteBit)
    GetEPRxAddr                              0x080008ed   Thumb Code    22  usb_regs.o(i.GetEPRxAddr)
    GetEPTxAddr                              0x0800090d   Thumb Code    20  usb_regs.o(i.GetEPTxAddr)
    Get_SerialNum                            0x08000929   Thumb Code    64  hw_config.o(i.Get_SerialNum)
    HardFaultException                       0x08000971   Thumb Code     2  stm32f10x_it.o(i.HardFaultException)
    I2C1_ER_IRQHandler                       0x08000973   Thumb Code     2  stm32f10x_it.o(i.I2C1_ER_IRQHandler)
    I2C1_EV_IRQHandler                       0x08000975   Thumb Code     2  stm32f10x_it.o(i.I2C1_EV_IRQHandler)
    I2C2_ER_IRQHandler                       0x08000977   Thumb Code     2  stm32f10x_it.o(i.I2C2_ER_IRQHandler)
    I2C2_EV_IRQHandler                       0x08000979   Thumb Code     2  stm32f10x_it.o(i.I2C2_EV_IRQHandler)
    In0_Process                              0x0800097d   Thumb Code    80  usb_core.o(i.In0_Process)
    Joystick_Data_Setup                      0x080009d9   Thumb Code    74  usb_prop.o(i.Joystick_Data_Setup)
    Joystick_GetConfigDescriptor             0x08000a35   Thumb Code     6  usb_prop.o(i.Joystick_GetConfigDescriptor)
    Joystick_GetDeviceDescriptor             0x08000a41   Thumb Code     6  usb_prop.o(i.Joystick_GetDeviceDescriptor)
    Joystick_GetHIDDescriptor                0x08000a4d   Thumb Code     6  usb_prop.o(i.Joystick_GetHIDDescriptor)
    Joystick_GetProtocolValue                0x08000a59   Thumb Code    18  usb_prop.o(i.Joystick_GetProtocolValue)
    Joystick_GetReportDescriptor             0x08000a75   Thumb Code     6  usb_prop.o(i.Joystick_GetReportDescriptor)
    Joystick_GetStringDescriptor             0x08000a81   Thumb Code    24  usb_prop.o(i.Joystick_GetStringDescriptor)
    Joystick_Get_Interface_Setting           0x08000aa1   Thumb Code    10  usb_prop.o(i.Joystick_Get_Interface_Setting)
    Joystick_NoData_Setup                    0x08000aad   Thumb Code    26  usb_prop.o(i.Joystick_NoData_Setup)
    Joystick_Reset                           0x08000acd   Thumb Code   142  usb_prop.o(i.Joystick_Reset)
    Joystick_SetConfiguration                0x08000b6d   Thumb Code    16  usb_prop.o(i.Joystick_SetConfiguration)
    Joystick_SetDeviceAddress                0x08000b85   Thumb Code     8  usb_prop.o(i.Joystick_SetDeviceAddress)
    Joystick_SetProtocol                     0x08000b91   Thumb Code    14  usb_prop.o(i.Joystick_SetProtocol)
    Joystick_Status_In                       0x08000ba9   Thumb Code     2  usb_prop.o(i.Joystick_Status_In)
    Joystick_Status_Out                      0x08000bab   Thumb Code     2  usb_prop.o(i.Joystick_Status_Out)
    Joystick_init                            0x08000bad   Thumb Code    56  usb_prop.o(i.Joystick_init)
    Leave_LowPowerMode                       0x08000c19   Thumb Code    18  hw_config.o(i.Leave_LowPowerMode)
    MemManageException                       0x08000c35   Thumb Code     2  stm32f10x_it.o(i.MemManageException)
    NMIException                             0x08000c37   Thumb Code     2  stm32f10x_it.o(i.NMIException)
    NOP_Process                              0x08000c39   Thumb Code     2  usb_core.o(i.NOP_Process)
    NRF24L01_Check                           0x08000c3d   Thumb Code    64  24l01.o(i.NRF24L01_Check)
    NRF24L01_Init                            0x08000c85   Thumb Code   198  24l01.o(i.NRF24L01_Init)
    NRF24L01_Read_Buf                        0x08000d55   Thumb Code    72  24l01.o(i.NRF24L01_Read_Buf)
    NRF24L01_Read_Reg                        0x08000da1   Thumb Code    48  24l01.o(i.NRF24L01_Read_Reg)
    NRF24L01_Write_Buf                       0x08000dd5   Thumb Code    84  24l01.o(i.NRF24L01_Write_Buf)
    NRF24L01_Write_Reg                       0x08000e2d   Thumb Code    54  24l01.o(i.NRF24L01_Write_Reg)
    NRF_RX_Mode                              0x08000e69   Thumb Code    76  24l01.o(i.NRF_RX_Mode)
    NRF_Rx_Dat                               0x08000ebd   Thumb Code    76  24l01.o(i.NRF_Rx_Dat)
    NVIC_Init                                0x08000f0d   Thumb Code   102  misc.o(i.NVIC_Init)
    NVIC_PriorityGroupConfig                 0x08000f7d   Thumb Code    14  misc.o(i.NVIC_PriorityGroupConfig)
    NVIC_SetVectorTable                      0x08000f91   Thumb Code    16  misc.o(i.NVIC_SetVectorTable)
    Out0_Process                             0x0800107d   Thumb Code    54  usb_core.o(i.Out0_Process)
    PMAToUserBufferCopy                      0x080010bd   Thumb Code    24  usb_mem.o(i.PMAToUserBufferCopy)
    PVD_IRQHandler                           0x080010d9   Thumb Code     2  stm32f10x_it.o(i.PVD_IRQHandler)
    PendSVC                                  0x080010db   Thumb Code     2  stm32f10x_it.o(i.PendSVC)
    Post0_Process                            0x080010dd   Thumb Code    52  usb_core.o(i.Post0_Process)
    PowerOn                                  0x08001121   Thumb Code    36  usb_pwr.o(i.PowerOn)
    RCC_APB1PeriphClockCmd                   0x0800114d   Thumb Code    18  stm32f10x_rcc.o(i.RCC_APB1PeriphClockCmd)
    RCC_APB2PeriphClockCmd                   0x08001165   Thumb Code    18  stm32f10x_rcc.o(i.RCC_APB2PeriphClockCmd)
    RCC_DeInit                               0x0800117d   Thumb Code    52  stm32f10x_rcc.o(i.RCC_DeInit)
    RCC_GetClocksFreq                        0x080011b9   Thumb Code   152  stm32f10x_rcc.o(i.RCC_GetClocksFreq)
    RCC_GetFlagStatus                        0x08001265   Thumb Code    42  stm32f10x_rcc.o(i.RCC_GetFlagStatus)
    RCC_GetSYSCLKSource                      0x08001295   Thumb Code    10  stm32f10x_rcc.o(i.RCC_GetSYSCLKSource)
    RCC_HCLKConfig                           0x080012a5   Thumb Code    14  stm32f10x_rcc.o(i.RCC_HCLKConfig)
    RCC_HSEConfig                            0x080012b9   Thumb Code    50  stm32f10x_rcc.o(i.RCC_HSEConfig)
    RCC_IRQHandler                           0x080012f1   Thumb Code     2  stm32f10x_it.o(i.RCC_IRQHandler)
    RCC_PCLK1Config                          0x080012f5   Thumb Code    14  stm32f10x_rcc.o(i.RCC_PCLK1Config)
    RCC_PCLK2Config                          0x08001309   Thumb Code    16  stm32f10x_rcc.o(i.RCC_PCLK2Config)
    RCC_PLLCmd                               0x0800131d   Thumb Code     6  stm32f10x_rcc.o(i.RCC_PLLCmd)
    RCC_PLLConfig                            0x08001329   Thumb Code    16  stm32f10x_rcc.o(i.RCC_PLLConfig)
    RCC_SYSCLKConfig                         0x0800133d   Thumb Code    14  stm32f10x_rcc.o(i.RCC_SYSCLKConfig)
    RCC_USBCLKConfig                         0x08001351   Thumb Code     6  stm32f10x_rcc.o(i.RCC_USBCLKConfig)
    RCC_WaitForHSEStartUp                    0x0800135d   Thumb Code    38  stm32f10x_rcc.o(i.RCC_WaitForHSEStartUp)
    RTCAlarm_IRQHandler                      0x08001389   Thumb Code     2  stm32f10x_it.o(i.RTCAlarm_IRQHandler)
    RTC_IRQHandler                           0x0800138b   Thumb Code     2  stm32f10x_it.o(i.RTC_IRQHandler)
    Resume                                   0x0800138d   Thumb Code   116  usb_pwr.o(i.Resume)
    Resume_Init                              0x08001409   Thumb Code    26  usb_pwr.o(i.Resume_Init)
    ReveiveCmd                               0x08001429   Thumb Code   112  hw_config.o(i.ReveiveCmd)
    SDIO_IRQHandler                          0x08001499   Thumb Code     2  stm32f10x_it.o(i.SDIO_IRQHandler)
    SPI1_IRQHandler                          0x0800149b   Thumb Code     2  stm32f10x_it.o(i.SPI1_IRQHandler)
    SPI2_IRQHandler                          0x0800149d   Thumb Code     2  stm32f10x_it.o(i.SPI2_IRQHandler)
    SPI3_IRQHandler                          0x0800149f   Thumb Code     2  stm32f10x_it.o(i.SPI3_IRQHandler)
    SPI_Cmd                                  0x080014a1   Thumb Code    18  stm32f10x_spi.o(i.SPI_Cmd)
    SPI_I2S_GetFlagStatus                    0x080014b3   Thumb Code    14  stm32f10x_spi.o(i.SPI_I2S_GetFlagStatus)
    SPI_I2S_ReceiveData                      0x080014c1   Thumb Code     4  stm32f10x_spi.o(i.SPI_I2S_ReceiveData)
    SPI_I2S_SendData                         0x080014c5   Thumb Code     4  stm32f10x_spi.o(i.SPI_I2S_SendData)
    SPI_Init                                 0x080014c9   Thumb Code    84  stm32f10x_spi.o(i.SPI_Init)
    SPI_NRF_RW                               0x0800151d   Thumb Code    48  24l01.o(i.SPI_NRF_RW)
    SVCHandler                               0x08001551   Thumb Code     2  stm32f10x_it.o(i.SVCHandler)
    Send_BoardKeys                           0x08001553   Thumb Code   110  hw_config.o(i.Send_BoardKeys)
    Send_MouseKeys                           0x080015c1   Thumb Code   204  hw_config.o(i.Send_MouseKeys)
    SetBTABLE                                0x0800168d   Thumb Code    10  usb_regs.o(i.SetBTABLE)
    SetDeviceAddress                         0x0800169d   Thumb Code    50  usb_core.o(i.SetDeviceAddress)
    SetEPRxAddr                              0x080016d9   Thumb Code    24  usb_regs.o(i.SetEPRxAddr)
    SetEPRxCount                             0x080016f9   Thumb Code    56  usb_regs.o(i.SetEPRxCount)
    SetEPRxStatus                            0x08001739   Thumb Code    38  usb_regs.o(i.SetEPRxStatus)
    SetEPRxValid                             0x08001765   Thumb Code    24  usb_regs.o(i.SetEPRxValid)
    SetEPTxAddr                              0x08001781   Thumb Code    22  usb_regs.o(i.SetEPTxAddr)
    SetEPTxCount                             0x080017a1   Thumb Code    20  usb_regs.o(i.SetEPTxCount)
    SetEPTxStatus                            0x080017bd   Thumb Code    38  usb_regs.o(i.SetEPTxStatus)
    SetEPTxValid                             0x080017e9   Thumb Code    24  usb_regs.o(i.SetEPTxValid)
    SetEPType                                0x08001805   Thumb Code    22  usb_regs.o(i.SetEPType)
    Set_System                               0x08001821   Thumb Code   164  hw_config.o(i.Set_System)
    Set_USBClock                             0x080018d1   Thumb Code    20  hw_config.o(i.Set_USBClock)
    Setup0_Process                           0x080018e5   Thumb Code    92  usb_core.o(i.Setup0_Process)
    Standard_ClearFeature                    0x0800194d   Thumb Code   204  usb_core.o(i.Standard_ClearFeature)
    Standard_GetConfiguration                0x08001a2d   Thumb Code    30  usb_core.o(i.Standard_GetConfiguration)
    Standard_GetDescriptorData               0x08001a55   Thumb Code    24  usb_core.o(i.Standard_GetDescriptorData)
    Standard_GetInterface                    0x08001a71   Thumb Code    30  usb_core.o(i.Standard_GetInterface)
    Standard_GetStatus                       0x08001a99   Thumb Code   122  usb_core.o(i.Standard_GetStatus)
    Standard_SetConfiguration                0x08001b25   Thumb Code    42  usb_core.o(i.Standard_SetConfiguration)
    Standard_SetDeviceFeature                0x08001b5d   Thumb Code    26  usb_core.o(i.Standard_SetDeviceFeature)
    Standard_SetEndPointFeature              0x08001b81   Thumb Code   110  usb_core.o(i.Standard_SetEndPointFeature)
    Standard_SetInterface                    0x08001c01   Thumb Code    60  usb_core.o(i.Standard_SetInterface)
    Suspend                                  0x08001c49   Thumb Code    26  usb_pwr.o(i.Suspend)
    SysTickHandler                           0x08001c69   Thumb Code     2  stm32f10x_it.o(i.SysTickHandler)
    TAMPER_IRQHandler                        0x08001c6b   Thumb Code     2  stm32f10x_it.o(i.TAMPER_IRQHandler)
    TIM1_BRK_IRQHandler                      0x08001c6d   Thumb Code     2  stm32f10x_it.o(i.TIM1_BRK_IRQHandler)
    TIM1_CC_IRQHandler                       0x08001c6f   Thumb Code     2  stm32f10x_it.o(i.TIM1_CC_IRQHandler)
    TIM1_TRG_COM_IRQHandler                  0x08001c71   Thumb Code     2  stm32f10x_it.o(i.TIM1_TRG_COM_IRQHandler)
    TIM1_UP_IRQHandler                       0x08001c73   Thumb Code     2  stm32f10x_it.o(i.TIM1_UP_IRQHandler)
    TIM2_IRQHandler                          0x08001c75   Thumb Code     2  stm32f10x_it.o(i.TIM2_IRQHandler)
    TIM3_IRQHandler                          0x08001c77   Thumb Code     2  stm32f10x_it.o(i.TIM3_IRQHandler)
    TIM4_IRQHandler                          0x08001c79   Thumb Code     2  stm32f10x_it.o(i.TIM4_IRQHandler)
    TIM5_IRQHandler                          0x08001c7b   Thumb Code     2  stm32f10x_it.o(i.TIM5_IRQHandler)
    TIM6_IRQHandler                          0x08001c7d   Thumb Code     2  stm32f10x_it.o(i.TIM6_IRQHandler)
    TIM7_IRQHandler                          0x08001c7f   Thumb Code     2  stm32f10x_it.o(i.TIM7_IRQHandler)
    TIM8_BRK_IRQHandler                      0x08001c81   Thumb Code     2  stm32f10x_it.o(i.TIM8_BRK_IRQHandler)
    TIM8_CC_IRQHandler                       0x08001c83   Thumb Code     2  stm32f10x_it.o(i.TIM8_CC_IRQHandler)
    TIM8_TRG_COM_IRQHandler                  0x08001c85   Thumb Code     2  stm32f10x_it.o(i.TIM8_TRG_COM_IRQHandler)
    TIM8_UP_IRQHandler                       0x08001c87   Thumb Code     2  stm32f10x_it.o(i.TIM8_UP_IRQHandler)
    UART4_IRQHandler                         0x08001c89   Thumb Code     2  stm32f10x_it.o(i.UART4_IRQHandler)
    UART5_IRQHandler                         0x08001c8b   Thumb Code     2  stm32f10x_it.o(i.UART5_IRQHandler)
    USART1_IRQHandler                        0x08001c8d   Thumb Code    20  tty.o(i.USART1_IRQHandler)
    USART2_IRQHandler                        0x08001ca5   Thumb Code     2  stm32f10x_it.o(i.USART2_IRQHandler)
    USART3_IRQHandler                        0x08001ca7   Thumb Code     2  stm32f10x_it.o(i.USART3_IRQHandler)
    USART_Cmd                                0x08001ca9   Thumb Code    18  stm32f10x_usart.o(i.USART_Cmd)
    USART_GetFlagStatus                      0x08001cbb   Thumb Code    14  stm32f10x_usart.o(i.USART_GetFlagStatus)
    USART_ITConfig                           0x08001cc9   Thumb Code    48  stm32f10x_usart.o(i.USART_ITConfig)
    USART_Init                               0x08001cf9   Thumb Code   140  stm32f10x_usart.o(i.USART_Init)
    USART_ReceiveData                        0x08001d89   Thumb Code     8  stm32f10x_usart.o(i.USART_ReceiveData)
    USART_SendData                           0x08001d91   Thumb Code     8  stm32f10x_usart.o(i.USART_SendData)
    USART_StructInit                         0x08001d99   Thumb Code    22  stm32f10x_usart.o(i.USART_StructInit)
    USBWakeUp_IRQHandler                     0x08001db1   Thumb Code    20  stm32f10x_it.o(i.USBWakeUp_IRQHandler)
    USB_Cable_Config                         0x08001dcd   Thumb Code    20  hw_config.o(i.USB_Cable_Config)
    USB_HP_CAN_TX_IRQHandler                 0x08001de5   Thumb Code     2  stm32f10x_it.o(i.USB_HP_CAN_TX_IRQHandler)
    USB_Init                                 0x08001de9   Thumb Code    22  usb_init.o(i.USB_Init)
    USB_Interrupts_Config                    0x08001e11   Thumb Code    68  hw_config.o(i.USB_Interrupts_Config)
    USB_Istr                                 0x08001e55   Thumb Code   170  usb_istr.o(i.USB_Istr)
    USB_LP_CAN_RX0_IRQHandler                0x08001f15   Thumb Code     4  stm32f10x_it.o(i.USB_LP_CAN_RX0_IRQHandler)
    UsageFaultException                      0x08001f19   Thumb Code     2  stm32f10x_it.o(i.UsageFaultException)
    UserToPMABufferCopy                      0x08001f1d   Thumb Code    34  usb_mem.o(i.UserToPMABufferCopy)
    WWDG_IRQHandler                          0x08001f45   Thumb Code     2  stm32f10x_it.o(i.WWDG_IRQHandler)
    __scatterload_copy                       0x08001f47   Thumb Code    14  handlers.o(i.__scatterload_copy)
    __scatterload_null                       0x08001f55   Thumb Code     2  handlers.o(i.__scatterload_null)
    __scatterload_zeroinit                   0x08001f57   Thumb Code    14  handlers.o(i.__scatterload_zeroinit)
    main                                     0x08001f65   Thumb Code   166  main.o(i.main)
    tty_init                                 0x080020cd   Thumb Code   138  tty.o(i.tty_init)
    tty_printf                               0x08002161   Thumb Code    38  tty.o(i.tty_printf)
    tty_printf_H                             0x0800218d   Thumb Code   124  tty.o(i.tty_printf_H)
    Joystick_DeviceDescriptor                0x0800220c   Data          18  usb_desc.o(.constdata)
    Joystick_ConfigDescriptor                0x0800221e   Data          41  usb_desc.o(.constdata)
    Joystick_ReportDescriptor                0x08002247   Data         121  usb_desc.o(.constdata)
    Joystick_StringLangID                    0x080022c0   Data           4  usb_desc.o(.constdata)
    Joystick_StringVendor                    0x080022c4   Data          38  usb_desc.o(.constdata)
    Joystick_StringProduct                   0x080022ea   Data          30  usb_desc.o(.constdata)
    TX_ADDRESS                               0x08002308   Data           5  24l01.o(.constdata)
    RX_ADDRESS                               0x0800230d   Data           5  24l01.o(.constdata)
    Region$$Table$$Base                      0x08002314   Number         0  anon$$obj.o(Region$$Table)
    Region$$Table$$Limit                     0x08002334   Number         0  anon$$obj.o(Region$$Table)
    HSEStartUpStatus                         0x20000000   Data           1  hw_config.o(.data)
    Joystick_StringSerial                    0x20000001   Data          26  usb_desc.o(.data)
    bIntPackSOF                              0x2000001c   Data           1  usb_istr.o(.data)
    wIstr                                    0x2000001e   Data           2  usb_istr.o(.data)
    pEpInt_IN                                0x20000020   Data          28  usb_istr.o(.data)
    pEpInt_OUT                               0x2000003c   Data          28  usb_istr.o(.data)
    Device_Table                             0x20000058   Data           2  usb_prop.o(.data)
    ProtocolValue                            0x2000005c   Data           4  usb_prop.o(.data)
    Device_Descriptor                        0x20000060   Data           8  usb_prop.o(.data)
    Config_Descriptor                        0x20000068   Data           8  usb_prop.o(.data)
    Joystick_Report_Descriptor               0x20000070   Data           8  usb_prop.o(.data)
    Mouse_Hid_Descriptor                     0x20000078   Data           8  usb_prop.o(.data)
    Device_Property                          0x20000080   Data          48  usb_prop.o(.data)
    String_Descriptor                        0x200000b0   Data          32  usb_prop.o(.data)
    User_Standard_Requests                   0x200000d0   Data          36  usb_prop.o(.data)
    bDeviceState                             0x200000f4   Data           4  usb_pwr.o(.data)
    fSuspendEnabled                          0x200000f8   Data           1  usb_pwr.o(.data)
    ResumeS                                  0x200000f9   Data           2  usb_pwr.o(.data)
    Data_Mul_MaxPacketSize                   0x200000fc   Data           1  usb_core.o(.data)
    StatusInfo                               0x200000fe   Data           2  usb_core.o(.data)
    EPindex                                  0x20000100   Data           1  usb_init.o(.data)
    pInformation                             0x20000104   Data           4  usb_init.o(.data)
    pProperty                                0x20000108   Data           4  usb_init.o(.data)
    pUser_Standard_Requests                  0x2000010c   Data           4  usb_init.o(.data)
    wInterrupt_Mask                          0x20000110   Data           2  usb_init.o(.data)
    SaveRState                               0x20000112   Data           2  usb_int.o(.data)
    SaveTState                               0x20000114   Data           2  usb_int.o(.data)
    Device_Info                              0x20000130   Data          28  usb_init.o(.bss)
    __initial_sp                             0x20000550   Data           0  stm32f10x_vector.o(STACK)



==============================================================================

Memory Map of the image

  Image Entry point : 0x08000131

  Load Region LR_IROM1 (Base: 0x08000000, Size: 0x00002464, Max: 0x00010000, ABSOLUTE, COMPRESSED[0x000023bc])

    Execution Region ER_IROM1 (Base: 0x08000000, Size: 0x00002334, Max: 0x00010000, ABSOLUTE)

    Base Addr    Size         Type   Attr      Idx    E Section Name        Object

    0x08000000   0x00000130   Data   RO         4480    RESET               stm32f10x_vector.o
    0x08000130   0x00000000   Code   RO         4672  * .ARM.Collect$$$$00000000  mc_w.l(entry.o)
    0x08000130   0x00000004   Code   RO         4675    .ARM.Collect$$$$00000001  mc_w.l(entry2.o)
    0x08000134   0x00000004   Code   RO         4678    .ARM.Collect$$$$00000004  mc_w.l(entry5.o)
    0x08000138   0x00000000   Code   RO         4680    .ARM.Collect$$$$00000008  mc_w.l(entry7b.o)
    0x08000138   0x00000008   Code   RO         4681    .ARM.Collect$$$$00000009  mc_w.l(entry8.o)
    0x08000140   0x00000004   Code   RO         4676    .ARM.Collect$$$$00002712  mc_w.l(entry2.o)
    0x08000144   0x00000008   Code   RO         4481    .text               stm32f10x_vector.o
    0x0800014c   0x00000024   Code   RO         4682    .text               mc_w.l(init.o)
    0x08000170   0x0000005c   Code   RO         4692    .text               mc_w.l(__dczerorl2.o)
    0x080001cc   0x00000002   Code   RO          270    i.ADC1_2_IRQHandler  stm32f10x_it.o
    0x080001ce   0x00000002   Code   RO          271    i.ADC3_IRQHandler   stm32f10x_it.o
    0x080001d0   0x00000002   Code   RO          272    i.BusFaultException  stm32f10x_it.o
    0x080001d2   0x0000000a   Code   RO         1205    i.ByteSwap          usb_regs.o
    0x080001dc   0x00000002   Code   RO          273    i.CAN_RX1_IRQHandler  stm32f10x_it.o
    0x080001de   0x00000002   Code   RO          274    i.CAN_SCE_IRQHandler  stm32f10x_it.o
    0x080001e0   0x00000160   Code   RO         1142    i.CTR_LP            usb_int.o
    0x08000340   0x00000024   Code   RO         1206    i.ClearDTOG_RX      usb_regs.o
    0x08000364   0x00000024   Code   RO         1207    i.ClearDTOG_TX      usb_regs.o
    0x08000388   0x00000018   Code   RO         1212    i.Clear_Status_Out  usb_regs.o
    0x080003a0   0x00000002   Code   RO          275    i.DMA1_Channel1_IRQHandler  stm32f10x_it.o
    0x080003a2   0x00000002   Code   RO          276    i.DMA1_Channel2_IRQHandler  stm32f10x_it.o
    0x080003a4   0x00000002   Code   RO          277    i.DMA1_Channel3_IRQHandler  stm32f10x_it.o
    0x080003a6   0x00000002   Code   RO          278    i.DMA1_Channel4_IRQHandler  stm32f10x_it.o
    0x080003a8   0x00000002   Code   RO          279    i.DMA1_Channel5_IRQHandler  stm32f10x_it.o
    0x080003aa   0x00000002   Code   RO          280    i.DMA1_Channel6_IRQHandler  stm32f10x_it.o
    0x080003ac   0x00000002   Code   RO          281    i.DMA1_Channel7_IRQHandler  stm32f10x_it.o
    0x080003ae   0x00000002   Code   RO          282    i.DMA2_Channel1_IRQHandler  stm32f10x_it.o
    0x080003b0   0x00000002   Code   RO          283    i.DMA2_Channel2_IRQHandler  stm32f10x_it.o
    0x080003b2   0x00000002   Code   RO          284    i.DMA2_Channel3_IRQHandler  stm32f10x_it.o
    0x080003b4   0x00000002   Code   RO          285    i.DMA2_Channel4_5_IRQHandler  stm32f10x_it.o
    0x080003b6   0x00000002   PAD
    0x080003b8   0x000000bc   Code   RO          980    i.DataStageIn       usb_core.o
    0x08000474   0x000000a8   Code   RO          981    i.DataStageOut      usb_core.o
    0x0800051c   0x0000019c   Code   RO          982    i.Data_Setup0       usb_core.o
    0x080006b8   0x00000002   Code   RO          286    i.DebugMonitor      stm32f10x_it.o
    0x080006ba   0x00000002   PAD
    0x080006bc   0x00000028   Code   RO         4637    i.DelayMs           delay.o
    0x080006e4   0x00000020   Code   RO         4639    i.Delay_init        delay.o
    0x08000704   0x00000002   Code   RO          287    i.EXTI0_IRQHandler  stm32f10x_it.o
    0x08000706   0x00000002   Code   RO          288    i.EXTI15_10_IRQHandler  stm32f10x_it.o
    0x08000708   0x00000002   Code   RO          289    i.EXTI1_IRQHandler  stm32f10x_it.o
    0x0800070a   0x00000002   Code   RO          290    i.EXTI2_IRQHandler  stm32f10x_it.o
    0x0800070c   0x00000002   Code   RO          291    i.EXTI3_IRQHandler  stm32f10x_it.o
    0x0800070e   0x00000002   Code   RO          292    i.EXTI4_IRQHandler  stm32f10x_it.o
    0x08000710   0x00000044   Code   RO          293    i.EXTI9_5_IRQHandler  stm32f10x_it.o
    0x08000754   0x0000000c   Code   RO         2282    i.EXTI_ClearITPendingBit  stm32f10x_exti.o
    0x08000760   0x00000020   Code   RO         2286    i.EXTI_GetITStatus  stm32f10x_exti.o
    0x08000780   0x0000000c   Code   RO            3    i.Enter_LowPowerMode  hw_config.o
    0x0800078c   0x00000002   Code   RO          294    i.FLASH_IRQHandler  stm32f10x_it.o
    0x0800078e   0x00000002   PAD
    0x08000790   0x00000018   Code   RO         2367    i.FLASH_PrefetchBufferCmd  stm32f10x_flash.o
    0x080007a8   0x00000014   Code   RO         2372    i.FLASH_SetLatency  stm32f10x_flash.o
    0x080007bc   0x00000002   Code   RO          295    i.FSMC_IRQHandler   stm32f10x_it.o
    0x080007be   0x000000ae   Code   RO         2513    i.GPIO_Init         stm32f10x_gpio.o
    0x0800086c   0x00000060   Code   RO         2515    i.GPIO_PinRemapConfig  stm32f10x_gpio.o
    0x080008cc   0x0000000e   Code   RO         2517    i.GPIO_ReadInputDataBit  stm32f10x_gpio.o
    0x080008da   0x00000004   Code   RO         2520    i.GPIO_ResetBits    stm32f10x_gpio.o
    0x080008de   0x00000004   Code   RO         2521    i.GPIO_SetBits      stm32f10x_gpio.o
    0x080008e2   0x0000000a   Code   RO         2524    i.GPIO_WriteBit     stm32f10x_gpio.o
    0x080008ec   0x00000020   Code   RO         1224    i.GetEPRxAddr       usb_regs.o
    0x0800090c   0x0000001c   Code   RO         1227    i.GetEPTxAddr       usb_regs.o
    0x08000928   0x00000048   Code   RO            5    i.Get_SerialNum     hw_config.o
    0x08000970   0x00000002   Code   RO          296    i.HardFaultException  stm32f10x_it.o
    0x08000972   0x00000002   Code   RO          297    i.I2C1_ER_IRQHandler  stm32f10x_it.o
    0x08000974   0x00000002   Code   RO          298    i.I2C1_EV_IRQHandler  stm32f10x_it.o
    0x08000976   0x00000002   Code   RO          299    i.I2C2_ER_IRQHandler  stm32f10x_it.o
    0x08000978   0x00000002   Code   RO          300    i.I2C2_EV_IRQHandler  stm32f10x_it.o
    0x0800097a   0x00000002   PAD
    0x0800097c   0x0000005c   Code   RO          983    i.In0_Process       usb_core.o
    0x080009d8   0x0000005c   Code   RO          801    i.Joystick_Data_Setup  usb_prop.o
    0x08000a34   0x0000000c   Code   RO          802    i.Joystick_GetConfigDescriptor  usb_prop.o
    0x08000a40   0x0000000c   Code   RO          803    i.Joystick_GetDeviceDescriptor  usb_prop.o
    0x08000a4c   0x0000000c   Code   RO          804    i.Joystick_GetHIDDescriptor  usb_prop.o
    0x08000a58   0x0000001c   Code   RO          805    i.Joystick_GetProtocolValue  usb_prop.o
    0x08000a74   0x0000000c   Code   RO          806    i.Joystick_GetReportDescriptor  usb_prop.o
    0x08000a80   0x00000020   Code   RO          807    i.Joystick_GetStringDescriptor  usb_prop.o
    0x08000aa0   0x0000000a   Code   RO          808    i.Joystick_Get_Interface_Setting  usb_prop.o
    0x08000aaa   0x00000002   PAD
    0x08000aac   0x00000020   Code   RO          809    i.Joystick_NoData_Setup  usb_prop.o
    0x08000acc   0x000000a0   Code   RO          810    i.Joystick_Reset    usb_prop.o
    0x08000b6c   0x00000018   Code   RO          811    i.Joystick_SetConfiguration  usb_prop.o
    0x08000b84   0x0000000c   Code   RO          812    i.Joystick_SetDeviceAddress  usb_prop.o
    0x08000b90   0x00000018   Code   RO          813    i.Joystick_SetProtocol  usb_prop.o
    0x08000ba8   0x00000002   Code   RO          814    i.Joystick_Status_In  usb_prop.o
    0x08000baa   0x00000002   Code   RO          815    i.Joystick_Status_Out  usb_prop.o
    0x08000bac   0x0000006c   Code   RO          816    i.Joystick_init     usb_prop.o
    0x08000c18   0x0000001c   Code   RO            6    i.Leave_LowPowerMode  hw_config.o
    0x08000c34   0x00000002   Code   RO          301    i.MemManageException  stm32f10x_it.o
    0x08000c36   0x00000002   Code   RO          302    i.NMIException      stm32f10x_it.o
    0x08000c38   0x00000002   Code   RO          984    i.NOP_Process       usb_core.o
    0x08000c3a   0x00000002   PAD
    0x08000c3c   0x00000048   Code   RO         4487    i.NRF24L01_Check    24l01.o
    0x08000c84   0x000000d0   Code   RO         4488    i.NRF24L01_Init     24l01.o
    0x08000d54   0x0000004c   Code   RO         4489    i.NRF24L01_Read_Buf  24l01.o
    0x08000da0   0x00000034   Code   RO         4490    i.NRF24L01_Read_Reg  24l01.o
    0x08000dd4   0x00000058   Code   RO         4491    i.NRF24L01_Write_Buf  24l01.o
    0x08000e2c   0x0000003c   Code   RO         4492    i.NRF24L01_Write_Reg  24l01.o
    0x08000e68   0x00000054   Code   RO         4493    i.NRF_RX_Mode       24l01.o
    0x08000ebc   0x00000050   Code   RO         4494    i.NRF_Rx_Dat        24l01.o
    0x08000f0c   0x00000070   Code   RO         4433    i.NVIC_Init         misc.o
    0x08000f7c   0x00000014   Code   RO         4434    i.NVIC_PriorityGroupConfig  misc.o
    0x08000f90   0x00000014   Code   RO         4435    i.NVIC_SetVectorTable  misc.o
    0x08000fa4   0x000000d8   Code   RO          985    i.NoData_Setup0     usb_core.o
    0x0800107c   0x00000040   Code   RO          986    i.Out0_Process      usb_core.o
    0x080010bc   0x0000001c   Code   RO         1179    i.PMAToUserBufferCopy  usb_mem.o
    0x080010d8   0x00000002   Code   RO          303    i.PVD_IRQHandler    stm32f10x_it.o
    0x080010da   0x00000002   Code   RO          304    i.PendSVC           stm32f10x_it.o
    0x080010dc   0x00000044   Code   RO          987    i.Post0_Process     usb_core.o
    0x08001120   0x0000002c   Code   RO          929    i.PowerOn           usb_pwr.o
    0x0800114c   0x00000018   Code   RO         2962    i.RCC_APB1PeriphClockCmd  stm32f10x_rcc.o
    0x08001164   0x00000018   Code   RO         2964    i.RCC_APB2PeriphClockCmd  stm32f10x_rcc.o
    0x0800117c   0x0000003c   Code   RO         2971    i.RCC_DeInit        stm32f10x_rcc.o
    0x080011b8   0x000000ac   Code   RO         2972    i.RCC_GetClocksFreq  stm32f10x_rcc.o
    0x08001264   0x00000030   Code   RO         2973    i.RCC_GetFlagStatus  stm32f10x_rcc.o
    0x08001294   0x00000010   Code   RO         2975    i.RCC_GetSYSCLKSource  stm32f10x_rcc.o
    0x080012a4   0x00000014   Code   RO         2976    i.RCC_HCLKConfig    stm32f10x_rcc.o
    0x080012b8   0x00000038   Code   RO         2977    i.RCC_HSEConfig     stm32f10x_rcc.o
    0x080012f0   0x00000002   Code   RO          305    i.RCC_IRQHandler    stm32f10x_it.o
    0x080012f2   0x00000002   PAD
    0x080012f4   0x00000014   Code   RO         2983    i.RCC_PCLK1Config   stm32f10x_rcc.o
    0x08001308   0x00000014   Code   RO         2984    i.RCC_PCLK2Config   stm32f10x_rcc.o
    0x0800131c   0x0000000c   Code   RO         2985    i.RCC_PLLCmd        stm32f10x_rcc.o
    0x08001328   0x00000014   Code   RO         2986    i.RCC_PLLConfig     stm32f10x_rcc.o
    0x0800133c   0x00000014   Code   RO         2989    i.RCC_SYSCLKConfig  stm32f10x_rcc.o
    0x08001350   0x0000000c   Code   RO         2990    i.RCC_USBCLKConfig  stm32f10x_rcc.o
    0x0800135c   0x0000002c   Code   RO         2991    i.RCC_WaitForHSEStartUp  stm32f10x_rcc.o
    0x08001388   0x00000002   Code   RO          306    i.RTCAlarm_IRQHandler  stm32f10x_it.o
    0x0800138a   0x00000002   Code   RO          307    i.RTC_IRQHandler    stm32f10x_it.o
    0x0800138c   0x0000007c   Code   RO          930    i.Resume            usb_pwr.o
    0x08001408   0x00000020   Code   RO          931    i.Resume_Init       usb_pwr.o
    0x08001428   0x00000070   Code   RO            7    i.ReveiveCmd        hw_config.o
    0x08001498   0x00000002   Code   RO          308    i.SDIO_IRQHandler   stm32f10x_it.o
    0x0800149a   0x00000002   Code   RO          309    i.SPI1_IRQHandler   stm32f10x_it.o
    0x0800149c   0x00000002   Code   RO          310    i.SPI2_IRQHandler   stm32f10x_it.o
    0x0800149e   0x00000002   Code   RO          311    i.SPI3_IRQHandler   stm32f10x_it.o
    0x080014a0   0x00000012   Code   RO         3473    i.SPI_Cmd           stm32f10x_spi.o
    0x080014b2   0x0000000e   Code   RO         3481    i.SPI_I2S_GetFlagStatus  stm32f10x_spi.o
    0x080014c0   0x00000004   Code   RO         3484    i.SPI_I2S_ReceiveData  stm32f10x_spi.o
    0x080014c4   0x00000004   Code   RO         3485    i.SPI_I2S_SendData  stm32f10x_spi.o
    0x080014c8   0x00000054   Code   RO         3486    i.SPI_Init          stm32f10x_spi.o
    0x0800151c   0x00000034   Code   RO         4497    i.SPI_NRF_RW        24l01.o
    0x08001550   0x00000002   Code   RO          312    i.SVCHandler        stm32f10x_it.o
    0x08001552   0x0000006e   Code   RO            8    i.Send_BoardKeys    hw_config.o
    0x080015c0   0x000000cc   Code   RO            9    i.Send_MouseKeys    hw_config.o
    0x0800168c   0x00000010   Code   RO         1235    i.SetBTABLE         usb_regs.o
    0x0800169c   0x0000003c   Code   RO          988    i.SetDeviceAddress  usb_core.o
    0x080016d8   0x00000020   Code   RO         1249    i.SetEPRxAddr       usb_regs.o
    0x080016f8   0x00000040   Code   RO         1250    i.SetEPRxCount      usb_regs.o
    0x08001738   0x0000002c   Code   RO         1251    i.SetEPRxStatus     usb_regs.o
    0x08001764   0x0000001c   Code   RO         1252    i.SetEPRxValid      usb_regs.o
    0x08001780   0x00000020   Code   RO         1253    i.SetEPTxAddr       usb_regs.o
    0x080017a0   0x0000001c   Code   RO         1254    i.SetEPTxCount      usb_regs.o
    0x080017bc   0x0000002c   Code   RO         1255    i.SetEPTxStatus     usb_regs.o
    0x080017e8   0x0000001c   Code   RO         1256    i.SetEPTxValid      usb_regs.o
    0x08001804   0x0000001c   Code   RO         1257    i.SetEPType         usb_regs.o
    0x08001820   0x000000b0   Code   RO           10    i.Set_System        hw_config.o
    0x080018d0   0x00000014   Code   RO           11    i.Set_USBClock      hw_config.o
    0x080018e4   0x00000068   Code   RO          989    i.Setup0_Process    usb_core.o
    0x0800194c   0x000000e0   Code   RO          990    i.Standard_ClearFeature  usb_core.o
    0x08001a2c   0x00000028   Code   RO          991    i.Standard_GetConfiguration  usb_core.o
    0x08001a54   0x0000001c   Code   RO          992    i.Standard_GetDescriptorData  usb_core.o
    0x08001a70   0x00000028   Code   RO          993    i.Standard_GetInterface  usb_core.o
    0x08001a98   0x0000008c   Code   RO          994    i.Standard_GetStatus  usb_core.o
    0x08001b24   0x00000038   Code   RO          995    i.Standard_SetConfiguration  usb_core.o
    0x08001b5c   0x00000024   Code   RO          996    i.Standard_SetDeviceFeature  usb_core.o
    0x08001b80   0x00000080   Code   RO          997    i.Standard_SetEndPointFeature  usb_core.o
    0x08001c00   0x00000048   Code   RO          998    i.Standard_SetInterface  usb_core.o
    0x08001c48   0x00000020   Code   RO          932    i.Suspend           usb_pwr.o
    0x08001c68   0x00000002   Code   RO          313    i.SysTickHandler    stm32f10x_it.o
    0x08001c6a   0x00000002   Code   RO          314    i.TAMPER_IRQHandler  stm32f10x_it.o
    0x08001c6c   0x00000002   Code   RO          315    i.TIM1_BRK_IRQHandler  stm32f10x_it.o
    0x08001c6e   0x00000002   Code   RO          316    i.TIM1_CC_IRQHandler  stm32f10x_it.o
    0x08001c70   0x00000002   Code   RO          317    i.TIM1_TRG_COM_IRQHandler  stm32f10x_it.o
    0x08001c72   0x00000002   Code   RO          318    i.TIM1_UP_IRQHandler  stm32f10x_it.o
    0x08001c74   0x00000002   Code   RO          319    i.TIM2_IRQHandler   stm32f10x_it.o
    0x08001c76   0x00000002   Code   RO          320    i.TIM3_IRQHandler   stm32f10x_it.o
    0x08001c78   0x00000002   Code   RO          321    i.TIM4_IRQHandler   stm32f10x_it.o
    0x08001c7a   0x00000002   Code   RO          322    i.TIM5_IRQHandler   stm32f10x_it.o
    0x08001c7c   0x00000002   Code   RO          323    i.TIM6_IRQHandler   stm32f10x_it.o
    0x08001c7e   0x00000002   Code   RO          324    i.TIM7_IRQHandler   stm32f10x_it.o
    0x08001c80   0x00000002   Code   RO          325    i.TIM8_BRK_IRQHandler  stm32f10x_it.o
    0x08001c82   0x00000002   Code   RO          326    i.TIM8_CC_IRQHandler  stm32f10x_it.o
    0x08001c84   0x00000002   Code   RO          327    i.TIM8_TRG_COM_IRQHandler  stm32f10x_it.o
    0x08001c86   0x00000002   Code   RO          328    i.TIM8_UP_IRQHandler  stm32f10x_it.o
    0x08001c88   0x00000002   Code   RO          329    i.UART4_IRQHandler  stm32f10x_it.o
    0x08001c8a   0x00000002   Code   RO          330    i.UART5_IRQHandler  stm32f10x_it.o
    0x08001c8c   0x00000018   Code   RO         4578    i.USART1_IRQHandler  tty.o
    0x08001ca4   0x00000002   Code   RO          331    i.USART2_IRQHandler  stm32f10x_it.o
    0x08001ca6   0x00000002   Code   RO          332    i.USART3_IRQHandler  stm32f10x_it.o
    0x08001ca8   0x00000012   Code   RO         4161    i.USART_Cmd         stm32f10x_usart.o
    0x08001cba   0x0000000e   Code   RO         4164    i.USART_GetFlagStatus  stm32f10x_usart.o
    0x08001cc8   0x00000030   Code   RO         4167    i.USART_ITConfig    stm32f10x_usart.o
    0x08001cf8   0x00000090   Code   RO         4168    i.USART_Init        stm32f10x_usart.o
    0x08001d88   0x00000008   Code   RO         4173    i.USART_ReceiveData  stm32f10x_usart.o
    0x08001d90   0x00000008   Code   RO         4176    i.USART_SendData    stm32f10x_usart.o
    0x08001d98   0x00000016   Code   RO         4182    i.USART_StructInit  stm32f10x_usart.o
    0x08001dae   0x00000002   PAD
    0x08001db0   0x0000001c   Code   RO          333    i.USBWakeUp_IRQHandler  stm32f10x_it.o
    0x08001dcc   0x00000018   Code   RO           12    i.USB_Cable_Config  hw_config.o
    0x08001de4   0x00000002   Code   RO          334    i.USB_HP_CAN_TX_IRQHandler  stm32f10x_it.o
    0x08001de6   0x00000002   PAD
    0x08001de8   0x00000028   Code   RO         1107    i.USB_Init          usb_init.o
    0x08001e10   0x00000044   Code   RO           13    i.USB_Interrupts_Config  hw_config.o
    0x08001e54   0x000000c0   Code   RO          763    i.USB_Istr          usb_istr.o
    0x08001f14   0x00000004   Code   RO          335    i.USB_LP_CAN_RX0_IRQHandler  stm32f10x_it.o
    0x08001f18   0x00000002   Code   RO          336    i.UsageFaultException  stm32f10x_it.o
    0x08001f1a   0x00000002   PAD
    0x08001f1c   0x00000028   Code   RO         1180    i.UserToPMABufferCopy  usb_mem.o
    0x08001f44   0x00000002   Code   RO          337    i.WWDG_IRQHandler   stm32f10x_it.o
    0x08001f46   0x0000000e   Code   RO         4686    i.__scatterload_copy  mc_w.l(handlers.o)
    0x08001f54   0x00000002   Code   RO         4687    i.__scatterload_null  mc_w.l(handlers.o)
    0x08001f56   0x0000000e   Code   RO         4688    i.__scatterload_zeroinit  mc_w.l(handlers.o)
    0x08001f64   0x00000168   Code   RO          196    i.main              main.o
    0x080020cc   0x00000094   Code   RO         4580    i.tty_init          tty.o
    0x08002160   0x0000002c   Code   RO         4581    i.tty_printf        tty.o
    0x0800218c   0x00000080   Code   RO         4582    i.tty_printf_H      tty.o
    0x0800220c   0x00000012   Data   RO          695    .constdata          usb_desc.o
    0x0800221e   0x00000029   Data   RO          696    .constdata          usb_desc.o
    0x08002247   0x00000079   Data   RO          697    .constdata          usb_desc.o
    0x080022c0   0x00000004   Data   RO          698    .constdata          usb_desc.o
    0x080022c4   0x00000026   Data   RO          699    .constdata          usb_desc.o
    0x080022ea   0x0000001e   Data   RO          700    .constdata          usb_desc.o
    0x08002308   0x0000000a   Data   RO         4498    .constdata          24l01.o
    0x08002312   0x00000002   PAD
    0x08002314   0x00000020   Data   RO         4684    Region$$Table       anon$$obj.o


    Execution Region RW_IRAM1 (Base: 0x20000000, Size: 0x00000550, Max: 0x00005000, ABSOLUTE, COMPRESSED[0x00000088])

    Base Addr    Size         Type   Attr      Idx    E Section Name        Object

    0x20000000   0x00000001   Data   RW           14    .data               hw_config.o
    0x20000001   0x0000001a   Data   RW          701    .data               usb_desc.o
    0x2000001b   0x00000001   PAD
    0x2000001c   0x00000004   Data   RW          764    .data               usb_istr.o
    0x20000020   0x0000001c   Data   RW          765    .data               usb_istr.o
    0x2000003c   0x0000001c   Data   RW          766    .data               usb_istr.o
    0x20000058   0x00000002   Data   RW          817    .data               usb_prop.o
    0x2000005a   0x00000002   PAD
    0x2000005c   0x00000074   Data   RW          818    .data               usb_prop.o
    0x200000d0   0x00000024   Data   RW          819    .data               usb_prop.o
    0x200000f4   0x00000004   Data   RW          933    .data               usb_pwr.o
    0x200000f8   0x00000001   Data   RW          934    .data               usb_pwr.o
    0x200000f9   0x00000002   Data   RW          935    .data               usb_pwr.o
    0x200000fb   0x00000001   PAD
    0x200000fc   0x00000004   Data   RW          999    .data               usb_core.o
    0x20000100   0x00000001   Data   RW         1109    .data               usb_init.o
    0x20000101   0x00000003   PAD
    0x20000104   0x0000000c   Data   RW         1110    .data               usb_init.o
    0x20000110   0x00000002   Data   RW         1112    .data               usb_init.o
    0x20000112   0x00000004   Data   RW         1143    .data               usb_int.o
    0x20000116   0x00000014   Data   RW         2992    .data               stm32f10x_rcc.o
    0x2000012a   0x00000004   Data   RW         4640    .data               delay.o
    0x2000012e   0x00000002   PAD
    0x20000130   0x0000001c   Zero   RW         1108    .bss                usb_init.o
    0x2000014c   0x00000004   PAD
    0x20000150   0x00000400   Zero   RW         4478    STACK               stm32f10x_vector.o


==============================================================================

Image component sizes


      Code (inc. data)   RO Data    RW Data    ZI Data      Debug   Object Name

       772         52         10          0          0      12589   24l01.o
        72          8          0          4          0       1015   delay.o
       826         50          0          1          0      33262   hw_config.o
       360        194          0          0          0       5471   main.o
       152         20          0          0          0       3349   misc.o
         0          0          0          0          0     197312   stm32f10x_adc.o
        44         14          0          0          0     198244   stm32f10x_exti.o
        44         12          0          0          0        897   stm32f10x_flash.o
       302          4          0          0          0      10854   stm32f10x_gpio.o
       230         26          0          0          0      26124   stm32f10x_it.o
       568        102          0         20          0      17785   stm32f10x_rcc.o
       124          0          0          0          0      10030   stm32f10x_spi.o
       262          4          0          0          0      11492   stm32f10x_usart.o
         8          4        304          0       1024        280   stm32f10x_vector.o
       344         24          0          0          0       8959   tty.o
      2138        282          0          4          0      12747   usb_core.o
         0          0        252         26          0       3609   usb_desc.o
        40         18          0         15         28       3690   usb_init.o
       352         24          0          4          0       1173   usb_int.o
       192         22          0         60          0       1196   usb_istr.o
        68         10          0          0          0       1480   usb_mem.o
       574        158          0        154          0      11020   usb_prop.o
       232         34          0          7          0       2938   usb_pwr.o
       510        100          0          0          0       7414   usb_regs.o

    ----------------------------------------------------------------------
      8234       1162        600        304       1056     582930   Object Totals
         0          0         32          0          0          0   (incl. Generated)
        20          0          2          9          4          0   (incl. Padding)

    ----------------------------------------------------------------------

      Code (inc. data)   RO Data    RW Data    ZI Data      Debug   Library Member Name

        92          0          0          0          0          0   __dczerorl2.o
         0          0          0          0          0          0   entry.o
         8          4          0          0          0          0   entry2.o
         4          0          0          0          0          0   entry5.o
         0          0          0          0          0          0   entry7b.o
         8          4          0          0          0          0   entry8.o
        30          0          0          0          0          0   handlers.o
        36          8          0          0          0         68   init.o

    ----------------------------------------------------------------------
       178         16          0          0          0         68   Library Totals
         0          0          0          0          0          0   (incl. Padding)

    ----------------------------------------------------------------------

      Code (inc. data)   RO Data    RW Data    ZI Data      Debug   Library Name

       178         16          0          0          0         68   mc_w.l

    ----------------------------------------------------------------------
       178         16          0          0          0         68   Library Totals

    ----------------------------------------------------------------------

==============================================================================


      Code (inc. data)   RO Data    RW Data    ZI Data      Debug   

      8412       1178        600        304       1056     573222   Grand Totals
      8412       1178        600        136       1056     573222   ELF Image Totals (compressed)
      8412       1178        600        136          0          0   ROM Totals

==============================================================================

    Total RO  Size (Code + RO Data)                 9012 (   8.80kB)
    Total RW  Size (RW Data + ZI Data)              1360 (   1.33kB)
    Total ROM Size (Code + RO Data + RW Data)       9148 (   8.93kB)

==============================================================================

